Component: ARM Compiler 5.06 (build 20) Tool: armlink [4d35a3]

==============================================================================

Section Cross References

    startup_stm32f10x_md.o(RESET) refers to startup_stm32f10x_md.o(STACK) for __initial_sp
    startup_stm32f10x_md.o(RESET) refers to startup_stm32f10x_md.o(.text) for Reset_Handler
    startup_stm32f10x_md.o(RESET) refers to stm32f10x_it.o(.text) for NMI_Handler
    startup_stm32f10x_md.o(.text) refers to system_stm32f10x.o(.text) for SystemInit
    startup_stm32f10x_md.o(.text) refers to entry.o(.ARM.Collect$$$$00000000) for __main
    system_stm32f10x.o(.text) refers to system_stm32f10x.o(.data) for SystemCoreClock
    stm32f10x_adc.o(.text) refers to stm32f10x_rcc.o(.text) for RCC_APB2PeriphResetCmd
    stm32f10x_bkp.o(.text) refers to stm32f10x_rcc.o(.text) for RCC_BackupResetCmd
    stm32f10x_can.o(.text) refers to stm32f10x_rcc.o(.text) for RCC_APB1PeriphResetCmd
    stm32f10x_cec.o(.text) refers to stm32f10x_rcc.o(.text) for RCC_APB1PeriphResetCmd
    stm32f10x_dac.o(.text) refers to stm32f10x_rcc.o(.text) for RCC_APB1PeriphResetCmd
    stm32f10x_gpio.o(.text) refers to stm32f10x_rcc.o(.text) for RCC_APB2PeriphResetCmd
    stm32f10x_i2c.o(.text) refers to stm32f10x_rcc.o(.text) for RCC_APB1PeriphResetCmd
    stm32f10x_pwr.o(.text) refers to stm32f10x_rcc.o(.text) for RCC_APB1PeriphResetCmd
    stm32f10x_rcc.o(.text) refers to stm32f10x_rcc.o(.data) for APBAHBPrescTable
    stm32f10x_spi.o(.text) refers to stm32f10x_rcc.o(.text) for RCC_APB2PeriphResetCmd
    stm32f10x_tim.o(.text) refers to stm32f10x_rcc.o(.text) for RCC_APB2PeriphResetCmd
    stm32f10x_usart.o(.text) refers to stm32f10x_rcc.o(.text) for RCC_APB2PeriphResetCmd
    stm32f10x_wwdg.o(.text) refers to stm32f10x_rcc.o(.text) for RCC_APB1PeriphResetCmd
    main.o(.text) refers to stm32f10x_rcc.o(.text) for RCC_APB2PeriphClockCmd
    main.o(.text) refers to stm32f10x_gpio.o(.text) for GPIO_Init
    main.o(.text) refers to bsp_usart1.o(.text) for USARTx_Config
    main.o(.text) refers to bsp_systick.o(.text) for SysTick_Init
    main.o(.text) refers to bsp_esp8266.o(.text) for ESP8266_Init
    main.o(.text) refers to bsp_dht11.o(.text) for DHT11_Init
    main.o(.text) refers to gp2y.o(.text) for GP2Yinit
    main.o(.text) refers to bodyinduction.o(.text) for Body_Configuration
    main.o(.text) refers to hal_rgb_led.o(.text) for RGB_KEY_GPIO_Init
    main.o(.text) refers to test.o(.text) for ESP8266_StaTcpClient_UnvarnishTest
    stm32f10x_it.o(.text) refers to bsp_systick.o(.text) for TimingDelay_Decrement
    stm32f10x_it.o(.text) refers to stm32f10x_usart.o(.text) for USART_GetITStatus
    stm32f10x_it.o(.text) refers to strstr.o(.text) for strstr
    stm32f10x_it.o(.text) refers to bsp_esp8266.o(.bss) for strEsp8266_Fram_Record
    stm32f10x_it.o(.text) refers to test.o(.data) for ucTcpClosedFlag
    bsp_usart1.o(.text) refers to stm32f10x_rcc.o(.text) for RCC_APB2PeriphClockCmd
    bsp_usart1.o(.text) refers to stm32f10x_gpio.o(.text) for GPIO_Init
    bsp_usart1.o(.text) refers to stm32f10x_usart.o(.text) for USART_Init
    bsp_systick.o(.text) refers to system_stm32f10x.o(.data) for SystemCoreClock
    bsp_systick.o(.text) refers to bsp_systick.o(.data) for TimingDelay
    bsp_esp8266.o(.text) refers to misc.o(.text) for NVIC_PriorityGroupConfig
    bsp_esp8266.o(.text) refers to stm32f10x_rcc.o(.text) for RCC_APB1PeriphClockCmd
    bsp_esp8266.o(.text) refers to stm32f10x_gpio.o(.text) for GPIO_Init
    bsp_esp8266.o(.text) refers to stm32f10x_usart.o(.text) for USART_Init
    bsp_esp8266.o(.text) refers to bsp_systick.o(.text) for Delay_us
    bsp_esp8266.o(.text) refers to common.o(.text) for USART_printf
    bsp_esp8266.o(.text) refers to printfa.o(i.__0printf) for __2printf
    bsp_esp8266.o(.text) refers to strstr.o(.text) for strstr
    bsp_esp8266.o(.text) refers to printfa.o(i.__0sprintf) for __2sprintf
    bsp_esp8266.o(.text) refers to memseta.o(.text) for __aeabi_memclr4
    bsp_esp8266.o(.text) refers to bsp_esp8266.o(.bss) for strEsp8266_Fram_Record
    common.o(.text) refers to stm32f10x_usart.o(.text) for USART_SendData
    bsp_dht11.o(.text) refers to stm32f10x_rcc.o(.text) for RCC_APB2PeriphClockCmd
    bsp_dht11.o(.text) refers to stm32f10x_gpio.o(.text) for GPIO_Init
    bsp_dht11.o(.text) refers to bsp_systick.o(.text) for Delay_us
    test.o(.text) refers to printfa.o(i.__0printf) for __2printf
    test.o(.text) refers to stm32f10x_gpio.o(.text) for GPIO_SetBits
    test.o(.text) refers to bsp_esp8266.o(.text) for ESP8266_AT_Test
    test.o(.text) refers to memseta.o(.text) for __aeabi_memclr4
    test.o(.text) refers to strstr.o(.text) for strstr
    test.o(.text) refers to bsp_dht11.o(.text) for DHT11_Read_TempAndHumidity
    test.o(.text) refers to printfa.o(i.__0sprintf) for __2sprintf
    test.o(.text) refers to strlen.o(.text) for strlen
    test.o(.text) refers to gp2y.o(.text) for GetGP2Y
    test.o(.text) refers to f2d.o(.text) for __aeabi_f2d
    test.o(.text) refers to hal_rgb_led.o(.text) for LED_RGB_Control
    test.o(.text) refers to test.o(.data) for pCh
    gp2y.o(.text) refers to stm32f10x_rcc.o(.text) for RCC_APB2PeriphClockCmd
    gp2y.o(.text) refers to stm32f10x_gpio.o(.text) for GPIO_Init
    gp2y.o(.text) refers to stm32f10x_adc.o(.text) for ADC_DeInit
    gp2y.o(.text) refers to bsp_systick.o(.text) for Delay_us
    gp2y.o(.text) refers to ffltui.o(.text) for __aeabi_ui2f
    gp2y.o(.text) refers to gp2y.o(.data) for AD_PM
    hal_infrared.o(.text) refers to stm32f10x_rcc.o(.text) for RCC_APB2PeriphClockCmd
    hal_infrared.o(.text) refers to stm32f10x_gpio.o(.text) for GPIO_Init
    bodyinduction.o(.text) refers to stm32f10x_rcc.o(.text) for RCC_APB2PeriphClockCmd
    bodyinduction.o(.text) refers to stm32f10x_gpio.o(.text) for GPIO_Init
    bodyinduction.o(.text) refers to printfa.o(i.__0sprintf) for __2sprintf
    bodyinduction.o(.text) refers to strlen.o(.text) for strlen
    bodyinduction.o(.text) refers to bsp_esp8266.o(.text) for ESP8266_SendString
    bodyinduction.o(.text) refers to printfa.o(i.__0printf) for __2printf
    bodyinduction.o(.text) refers to bodyinduction.o(.data) for BodyInduction
    hal_rgb_led.o(.text) refers to stm32f10x_rcc.o(.text) for RCC_APB2PeriphClockCmd
    hal_rgb_led.o(.text) refers to stm32f10x_gpio.o(.text) for GPIO_Init
    entry.o(.ARM.Collect$$$$00000000) refers (Special) to entry10a.o(.ARM.Collect$$$$0000000D) for __rt_final_cpp
    entry.o(.ARM.Collect$$$$00000000) refers (Special) to entry11a.o(.ARM.Collect$$$$0000000F) for __rt_final_exit
    entry.o(.ARM.Collect$$$$00000000) refers (Special) to entry7b.o(.ARM.Collect$$$$00000008) for _main_clock
    entry.o(.ARM.Collect$$$$00000000) refers (Special) to entry8b.o(.ARM.Collect$$$$0000000A) for _main_cpp_init
    entry.o(.ARM.Collect$$$$00000000) refers (Special) to entry9a.o(.ARM.Collect$$$$0000000B) for _main_init
    entry.o(.ARM.Collect$$$$00000000) refers (Special) to entry5.o(.ARM.Collect$$$$00000004) for _main_scatterload
    entry.o(.ARM.Collect$$$$00000000) refers (Special) to entry2.o(.ARM.Collect$$$$00000001) for _main_stk
    printfb.o(i.__0fprintf$bare) refers to printfb.o(i._printf_core) for _printf_core
    printfb.o(i.__0fprintf$bare) refers to bsp_usart1.o(.text) for fputc
    printfb.o(i.__0printf$bare) refers to printfb.o(i._printf_core) for _printf_core
    printfb.o(i.__0printf$bare) refers to bsp_usart1.o(.text) for fputc
    printfb.o(i.__0printf$bare) refers to stdout.o(.data) for __stdout
    printfb.o(i.__0snprintf$bare) refers to printfb.o(i._printf_core) for _printf_core
    printfb.o(i.__0snprintf$bare) refers to printfb.o(i._snputc) for _snputc
    printfb.o(i.__0sprintf$bare) refers to printfb.o(i._printf_core) for _printf_core
    printfb.o(i.__0sprintf$bare) refers to printfb.o(i._sputc) for _sputc
    printfb.o(i.__0vfprintf$bare) refers to printfb.o(i._printf_core) for _printf_core
    printfb.o(i.__0vfprintf$bare) refers to bsp_usart1.o(.text) for fputc
    printfb.o(i.__0vprintf$bare) refers to printfb.o(i._printf_core) for _printf_core
    printfb.o(i.__0vprintf$bare) refers to bsp_usart1.o(.text) for fputc
    printfb.o(i.__0vprintf$bare) refers to stdout.o(.data) for __stdout
    printfb.o(i.__0vsnprintf$bare) refers to printfb.o(i._printf_core) for _printf_core
    printfb.o(i.__0vsnprintf$bare) refers to printfb.o(i._snputc) for _snputc
    printfb.o(i.__0vsprintf$bare) refers to printfb.o(i._printf_core) for _printf_core
    printfb.o(i.__0vsprintf$bare) refers to printfb.o(i._sputc) for _sputc
    printf0.o(i.__0fprintf$0) refers to printf0.o(i._printf_core) for _printf_core
    printf0.o(i.__0fprintf$0) refers to bsp_usart1.o(.text) for fputc
    printf0.o(i.__0printf$0) refers to printf0.o(i._printf_core) for _printf_core
    printf0.o(i.__0printf$0) refers to bsp_usart1.o(.text) for fputc
    printf0.o(i.__0printf$0) refers to stdout.o(.data) for __stdout
    printf0.o(i.__0snprintf$0) refers to printf0.o(i._printf_core) for _printf_core
    printf0.o(i.__0snprintf$0) refers to printf0.o(i._snputc) for _snputc
    printf0.o(i.__0sprintf$0) refers to printf0.o(i._printf_core) for _printf_core
    printf0.o(i.__0sprintf$0) refers to printf0.o(i._sputc) for _sputc
    printf0.o(i.__0vfprintf$0) refers to printf0.o(i._printf_core) for _printf_core
    printf0.o(i.__0vfprintf$0) refers to bsp_usart1.o(.text) for fputc
    printf0.o(i.__0vprintf$0) refers to printf0.o(i._printf_core) for _printf_core
    printf0.o(i.__0vprintf$0) refers to bsp_usart1.o(.text) for fputc
    printf0.o(i.__0vprintf$0) refers to stdout.o(.data) for __stdout
    printf0.o(i.__0vsnprintf$0) refers to printf0.o(i._printf_core) for _printf_core
    printf0.o(i.__0vsnprintf$0) refers to printf0.o(i._snputc) for _snputc
    printf0.o(i.__0vsprintf$0) refers to printf0.o(i._printf_core) for _printf_core
    printf0.o(i.__0vsprintf$0) refers to printf0.o(i._sputc) for _sputc
    printf1.o(i.__0fprintf$1) refers to printf1.o(i._printf_core) for _printf_core
    printf1.o(i.__0fprintf$1) refers to bsp_usart1.o(.text) for fputc
    printf1.o(i.__0printf$1) refers to printf1.o(i._printf_core) for _printf_core
    printf1.o(i.__0printf$1) refers to bsp_usart1.o(.text) for fputc
    printf1.o(i.__0printf$1) refers to stdout.o(.data) for __stdout
    printf1.o(i.__0snprintf$1) refers to printf1.o(i._printf_core) for _printf_core
    printf1.o(i.__0snprintf$1) refers to printf1.o(i._snputc) for _snputc
    printf1.o(i.__0sprintf$1) refers to printf1.o(i._printf_core) for _printf_core
    printf1.o(i.__0sprintf$1) refers to printf1.o(i._sputc) for _sputc
    printf1.o(i.__0vfprintf$1) refers to printf1.o(i._printf_core) for _printf_core
    printf1.o(i.__0vfprintf$1) refers to bsp_usart1.o(.text) for fputc
    printf1.o(i.__0vprintf$1) refers to printf1.o(i._printf_core) for _printf_core
    printf1.o(i.__0vprintf$1) refers to bsp_usart1.o(.text) for fputc
    printf1.o(i.__0vprintf$1) refers to stdout.o(.data) for __stdout
    printf1.o(i.__0vsnprintf$1) refers to printf1.o(i._printf_core) for _printf_core
    printf1.o(i.__0vsnprintf$1) refers to printf1.o(i._snputc) for _snputc
    printf1.o(i.__0vsprintf$1) refers to printf1.o(i._printf_core) for _printf_core
    printf1.o(i.__0vsprintf$1) refers to printf1.o(i._sputc) for _sputc
    printf1.o(i._printf_core) refers to uidiv.o(.text) for __aeabi_uidivmod
    printf2.o(i.__0fprintf$2) refers to printf2.o(i._printf_core) for _printf_core
    printf2.o(i.__0fprintf$2) refers to bsp_usart1.o(.text) for fputc
    printf2.o(i.__0printf$2) refers to printf2.o(i._printf_core) for _printf_core
    printf2.o(i.__0printf$2) refers to bsp_usart1.o(.text) for fputc
    printf2.o(i.__0printf$2) refers to stdout.o(.data) for __stdout
    printf2.o(i.__0snprintf$2) refers to printf2.o(i._printf_core) for _printf_core
    printf2.o(i.__0snprintf$2) refers to printf2.o(i._snputc) for _snputc
    printf2.o(i.__0sprintf$2) refers to printf2.o(i._printf_core) for _printf_core
    printf2.o(i.__0sprintf$2) refers to printf2.o(i._sputc) for _sputc
    printf2.o(i.__0vfprintf$2) refers to printf2.o(i._printf_core) for _printf_core
    printf2.o(i.__0vfprintf$2) refers to bsp_usart1.o(.text) for fputc
    printf2.o(i.__0vprintf$2) refers to printf2.o(i._printf_core) for _printf_core
    printf2.o(i.__0vprintf$2) refers to bsp_usart1.o(.text) for fputc
    printf2.o(i.__0vprintf$2) refers to stdout.o(.data) for __stdout
    printf2.o(i.__0vsnprintf$2) refers to printf2.o(i._printf_core) for _printf_core
    printf2.o(i.__0vsnprintf$2) refers to printf2.o(i._snputc) for _snputc
    printf2.o(i.__0vsprintf$2) refers to printf2.o(i._printf_core) for _printf_core
    printf2.o(i.__0vsprintf$2) refers to printf2.o(i._sputc) for _sputc
    printf3.o(i.__0fprintf$3) refers to printf3.o(i._printf_core) for _printf_core
    printf3.o(i.__0fprintf$3) refers to bsp_usart1.o(.text) for fputc
    printf3.o(i.__0printf$3) refers to printf3.o(i._printf_core) for _printf_core
    printf3.o(i.__0printf$3) refers to bsp_usart1.o(.text) for fputc
    printf3.o(i.__0printf$3) refers to stdout.o(.data) for __stdout
    printf3.o(i.__0snprintf$3) refers to printf3.o(i._printf_core) for _printf_core
    printf3.o(i.__0snprintf$3) refers to printf3.o(i._snputc) for _snputc
    printf3.o(i.__0sprintf$3) refers to printf3.o(i._printf_core) for _printf_core
    printf3.o(i.__0sprintf$3) refers to printf3.o(i._sputc) for _sputc
    printf3.o(i.__0vfprintf$3) refers to printf3.o(i._printf_core) for _printf_core
    printf3.o(i.__0vfprintf$3) refers to bsp_usart1.o(.text) for fputc
    printf3.o(i.__0vprintf$3) refers to printf3.o(i._printf_core) for _printf_core
    printf3.o(i.__0vprintf$3) refers to bsp_usart1.o(.text) for fputc
    printf3.o(i.__0vprintf$3) refers to stdout.o(.data) for __stdout
    printf3.o(i.__0vsnprintf$3) refers to printf3.o(i._printf_core) for _printf_core
    printf3.o(i.__0vsnprintf$3) refers to printf3.o(i._snputc) for _snputc
    printf3.o(i.__0vsprintf$3) refers to printf3.o(i._printf_core) for _printf_core
    printf3.o(i.__0vsprintf$3) refers to printf3.o(i._sputc) for _sputc
    printf3.o(i._printf_core) refers to uidiv.o(.text) for __aeabi_uidivmod
    printf4.o(i.__0fprintf$4) refers to printf4.o(i._printf_core) for _printf_core
    printf4.o(i.__0fprintf$4) refers to bsp_usart1.o(.text) for fputc
    printf4.o(i.__0printf$4) refers to printf4.o(i._printf_core) for _printf_core
    printf4.o(i.__0printf$4) refers to bsp_usart1.o(.text) for fputc
    printf4.o(i.__0printf$4) refers to stdout.o(.data) for __stdout
    printf4.o(i.__0snprintf$4) refers to printf4.o(i._printf_core) for _printf_core
    printf4.o(i.__0snprintf$4) refers to printf4.o(i._snputc) for _snputc
    printf4.o(i.__0sprintf$4) refers to printf4.o(i._printf_core) for _printf_core
    printf4.o(i.__0sprintf$4) refers to printf4.o(i._sputc) for _sputc
    printf4.o(i.__0vfprintf$4) refers to printf4.o(i._printf_core) for _printf_core
    printf4.o(i.__0vfprintf$4) refers to bsp_usart1.o(.text) for fputc
    printf4.o(i.__0vprintf$4) refers to printf4.o(i._printf_core) for _printf_core
    printf4.o(i.__0vprintf$4) refers to bsp_usart1.o(.text) for fputc
    printf4.o(i.__0vprintf$4) refers to stdout.o(.data) for __stdout
    printf4.o(i.__0vsnprintf$4) refers to printf4.o(i._printf_core) for _printf_core
    printf4.o(i.__0vsnprintf$4) refers to printf4.o(i._snputc) for _snputc
    printf4.o(i.__0vsprintf$4) refers to printf4.o(i._printf_core) for _printf_core
    printf4.o(i.__0vsprintf$4) refers to printf4.o(i._sputc) for _sputc
    printf4.o(i._printf_core) refers to uldiv.o(.text) for __aeabi_uldivmod
    printf5.o(i.__0fprintf$5) refers to printf5.o(i._printf_core) for _printf_core
    printf5.o(i.__0fprintf$5) refers to bsp_usart1.o(.text) for fputc
    printf5.o(i.__0printf$5) refers to printf5.o(i._printf_core) for _printf_core
    printf5.o(i.__0printf$5) refers to bsp_usart1.o(.text) for fputc
    printf5.o(i.__0printf$5) refers to stdout.o(.data) for __stdout
    printf5.o(i.__0snprintf$5) refers to printf5.o(i._printf_core) for _printf_core
    printf5.o(i.__0snprintf$5) refers to printf5.o(i._snputc) for _snputc
    printf5.o(i.__0sprintf$5) refers to printf5.o(i._printf_core) for _printf_core
    printf5.o(i.__0sprintf$5) refers to printf5.o(i._sputc) for _sputc
    printf5.o(i.__0vfprintf$5) refers to printf5.o(i._printf_core) for _printf_core
    printf5.o(i.__0vfprintf$5) refers to bsp_usart1.o(.text) for fputc
    printf5.o(i.__0vprintf$5) refers to printf5.o(i._printf_core) for _printf_core
    printf5.o(i.__0vprintf$5) refers to bsp_usart1.o(.text) for fputc
    printf5.o(i.__0vprintf$5) refers to stdout.o(.data) for __stdout
    printf5.o(i.__0vsnprintf$5) refers to printf5.o(i._printf_core) for _printf_core
    printf5.o(i.__0vsnprintf$5) refers to printf5.o(i._snputc) for _snputc
    printf5.o(i.__0vsprintf$5) refers to printf5.o(i._printf_core) for _printf_core
    printf5.o(i.__0vsprintf$5) refers to printf5.o(i._sputc) for _sputc
    printf5.o(i._printf_core) refers to uldiv.o(.text) for __aeabi_uldivmod
    printf6.o(i.__0fprintf$6) refers to printf6.o(i._printf_core) for _printf_core
    printf6.o(i.__0fprintf$6) refers to bsp_usart1.o(.text) for fputc
    printf6.o(i.__0printf$6) refers to printf6.o(i._printf_core) for _printf_core
    printf6.o(i.__0printf$6) refers to bsp_usart1.o(.text) for fputc
    printf6.o(i.__0printf$6) refers to stdout.o(.data) for __stdout
    printf6.o(i.__0snprintf$6) refers to printf6.o(i._printf_core) for _printf_core
    printf6.o(i.__0snprintf$6) refers to printf6.o(i._snputc) for _snputc
    printf6.o(i.__0sprintf$6) refers to printf6.o(i._printf_core) for _printf_core
    printf6.o(i.__0sprintf$6) refers to printf6.o(i._sputc) for _sputc
    printf6.o(i.__0vfprintf$6) refers to printf6.o(i._printf_core) for _printf_core
    printf6.o(i.__0vfprintf$6) refers to bsp_usart1.o(.text) for fputc
    printf6.o(i.__0vprintf$6) refers to printf6.o(i._printf_core) for _printf_core
    printf6.o(i.__0vprintf$6) refers to bsp_usart1.o(.text) for fputc
    printf6.o(i.__0vprintf$6) refers to stdout.o(.data) for __stdout
    printf6.o(i.__0vsnprintf$6) refers to printf6.o(i._printf_core) for _printf_core
    printf6.o(i.__0vsnprintf$6) refers to printf6.o(i._snputc) for _snputc
    printf6.o(i.__0vsprintf$6) refers to printf6.o(i._printf_core) for _printf_core
    printf6.o(i.__0vsprintf$6) refers to printf6.o(i._sputc) for _sputc
    printf6.o(i._printf_core) refers to printf6.o(i._printf_pre_padding) for _printf_pre_padding
    printf6.o(i._printf_core) refers to uidiv.o(.text) for __aeabi_uidivmod
    printf6.o(i._printf_core) refers to printf6.o(i._printf_post_padding) for _printf_post_padding
    printf7.o(i.__0fprintf$7) refers to printf7.o(i._printf_core) for _printf_core
    printf7.o(i.__0fprintf$7) refers to bsp_usart1.o(.text) for fputc
    printf7.o(i.__0printf$7) refers to printf7.o(i._printf_core) for _printf_core
    printf7.o(i.__0printf$7) refers to bsp_usart1.o(.text) for fputc
    printf7.o(i.__0printf$7) refers to stdout.o(.data) for __stdout
    printf7.o(i.__0snprintf$7) refers to printf7.o(i._printf_core) for _printf_core
    printf7.o(i.__0snprintf$7) refers to printf7.o(i._snputc) for _snputc
    printf7.o(i.__0sprintf$7) refers to printf7.o(i._printf_core) for _printf_core
    printf7.o(i.__0sprintf$7) refers to printf7.o(i._sputc) for _sputc
    printf7.o(i.__0vfprintf$7) refers to printf7.o(i._printf_core) for _printf_core
    printf7.o(i.__0vfprintf$7) refers to bsp_usart1.o(.text) for fputc
    printf7.o(i.__0vprintf$7) refers to printf7.o(i._printf_core) for _printf_core
    printf7.o(i.__0vprintf$7) refers to bsp_usart1.o(.text) for fputc
    printf7.o(i.__0vprintf$7) refers to stdout.o(.data) for __stdout
    printf7.o(i.__0vsnprintf$7) refers to printf7.o(i._printf_core) for _printf_core
    printf7.o(i.__0vsnprintf$7) refers to printf7.o(i._snputc) for _snputc
    printf7.o(i.__0vsprintf$7) refers to printf7.o(i._printf_core) for _printf_core
    printf7.o(i.__0vsprintf$7) refers to printf7.o(i._sputc) for _sputc
    printf7.o(i._printf_core) refers to printf7.o(i._printf_pre_padding) for _printf_pre_padding
    printf7.o(i._printf_core) refers to uldiv.o(.text) for __aeabi_uldivmod
    printf7.o(i._printf_core) refers to printf7.o(i._printf_post_padding) for _printf_post_padding
    printf8.o(i.__0fprintf$8) refers to printf8.o(i._printf_core) for _printf_core
    printf8.o(i.__0fprintf$8) refers to bsp_usart1.o(.text) for fputc
    printf8.o(i.__0printf$8) refers to printf8.o(i._printf_core) for _printf_core
    printf8.o(i.__0printf$8) refers to bsp_usart1.o(.text) for fputc
    printf8.o(i.__0printf$8) refers to stdout.o(.data) for __stdout
    printf8.o(i.__0snprintf$8) refers to printf8.o(i._printf_core) for _printf_core
    printf8.o(i.__0snprintf$8) refers to printf8.o(i._snputc) for _snputc
    printf8.o(i.__0sprintf$8) refers to printf8.o(i._printf_core) for _printf_core
    printf8.o(i.__0sprintf$8) refers to printf8.o(i._sputc) for _sputc
    printf8.o(i.__0vfprintf$8) refers to printf8.o(i._printf_core) for _printf_core
    printf8.o(i.__0vfprintf$8) refers to bsp_usart1.o(.text) for fputc
    printf8.o(i.__0vprintf$8) refers to printf8.o(i._printf_core) for _printf_core
    printf8.o(i.__0vprintf$8) refers to bsp_usart1.o(.text) for fputc
    printf8.o(i.__0vprintf$8) refers to stdout.o(.data) for __stdout
    printf8.o(i.__0vsnprintf$8) refers to printf8.o(i._printf_core) for _printf_core
    printf8.o(i.__0vsnprintf$8) refers to printf8.o(i._snputc) for _snputc
    printf8.o(i.__0vsprintf$8) refers to printf8.o(i._printf_core) for _printf_core
    printf8.o(i.__0vsprintf$8) refers to printf8.o(i._sputc) for _sputc
    printf8.o(i._printf_core) refers to printf8.o(i._printf_pre_padding) for _printf_pre_padding
    printf8.o(i._printf_core) refers to uldiv.o(.text) for __aeabi_uldivmod
    printf8.o(i._printf_core) refers to printf8.o(i._printf_post_padding) for _printf_post_padding
    printfa.o(i.__0fprintf) refers (Special) to iusefp.o(.text) for __I$use$fp
    printfa.o(i.__0fprintf) refers to printfa.o(i._printf_core) for _printf_core
    printfa.o(i.__0fprintf) refers to bsp_usart1.o(.text) for fputc
    printfa.o(i.__0printf) refers (Special) to iusefp.o(.text) for __I$use$fp
    printfa.o(i.__0printf) refers to printfa.o(i._printf_core) for _printf_core
    printfa.o(i.__0printf) refers to bsp_usart1.o(.text) for fputc
    printfa.o(i.__0printf) refers to stdout.o(.data) for __stdout
    printfa.o(i.__0snprintf) refers (Special) to iusefp.o(.text) for __I$use$fp
    printfa.o(i.__0snprintf) refers to printfa.o(i._printf_core) for _printf_core
    printfa.o(i.__0snprintf) refers to printfa.o(i._snputc) for _snputc
    printfa.o(i.__0sprintf) refers (Special) to iusefp.o(.text) for __I$use$fp
    printfa.o(i.__0sprintf) refers to printfa.o(i._printf_core) for _printf_core
    printfa.o(i.__0sprintf) refers to printfa.o(i._sputc) for _sputc
    printfa.o(i.__0vfprintf) refers (Special) to iusefp.o(.text) for __I$use$fp
    printfa.o(i.__0vfprintf) refers to printfa.o(i._printf_core) for _printf_core
    printfa.o(i.__0vfprintf) refers to bsp_usart1.o(.text) for fputc
    printfa.o(i.__0vprintf) refers (Special) to iusefp.o(.text) for __I$use$fp
    printfa.o(i.__0vprintf) refers to printfa.o(i._printf_core) for _printf_core
    printfa.o(i.__0vprintf) refers to bsp_usart1.o(.text) for fputc
    printfa.o(i.__0vprintf) refers to stdout.o(.data) for __stdout
    printfa.o(i.__0vsnprintf) refers (Special) to iusefp.o(.text) for __I$use$fp
    printfa.o(i.__0vsnprintf) refers to printfa.o(i._printf_core) for _printf_core
    printfa.o(i.__0vsnprintf) refers to printfa.o(i._snputc) for _snputc
    printfa.o(i.__0vsprintf) refers (Special) to iusefp.o(.text) for __I$use$fp
    printfa.o(i.__0vsprintf) refers to printfa.o(i._printf_core) for _printf_core
    printfa.o(i.__0vsprintf) refers to printfa.o(i._sputc) for _sputc
    printfa.o(i._fp_digits) refers (Special) to iusefp.o(.text) for __I$use$fp
    printfa.o(i._fp_digits) refers to dmul.o(.text) for __aeabi_dmul
    printfa.o(i._fp_digits) refers to ddiv.o(.text) for __aeabi_ddiv
    printfa.o(i._fp_digits) refers to cdrcmple.o(.text) for __aeabi_cdrcmple
    printfa.o(i._fp_digits) refers to dadd.o(.text) for __aeabi_dadd
    printfa.o(i._fp_digits) refers to dfixul.o(.text) for __aeabi_d2ulz
    printfa.o(i._fp_digits) refers to uldiv.o(.text) for __aeabi_uldivmod
    printfa.o(i._printf_core) refers (Special) to iusefp.o(.text) for __I$use$fp
    printfa.o(i._printf_core) refers to printfa.o(i._printf_pre_padding) for _printf_pre_padding
    printfa.o(i._printf_core) refers to uldiv.o(.text) for __aeabi_uldivmod
    printfa.o(i._printf_core) refers to printfa.o(i._printf_post_padding) for _printf_post_padding
    printfa.o(i._printf_core) refers to printfa.o(i._fp_digits) for _fp_digits
    printfa.o(i._printf_core) refers to uidiv.o(.text) for __aeabi_uidivmod
    printfa.o(i._printf_post_padding) refers (Special) to iusefp.o(.text) for __I$use$fp
    printfa.o(i._printf_pre_padding) refers (Special) to iusefp.o(.text) for __I$use$fp
    printfa.o(i._snputc) refers (Special) to iusefp.o(.text) for __I$use$fp
    printfa.o(i._sputc) refers (Special) to iusefp.o(.text) for __I$use$fp
    ffltui.o(.text) refers (Special) to iusefp.o(.text) for __I$use$fp
    ffltui.o(.text) refers to fepilogue.o(.text) for _float_epilogue
    f2d.o(.text) refers (Special) to iusefp.o(.text) for __I$use$fp
    entry2.o(.ARM.Collect$$$$00000001) refers to entry2.o(.ARM.Collect$$$$00002712) for __lit__00000000
    entry2.o(.ARM.Collect$$$$00002712) refers to startup_stm32f10x_md.o(STACK) for __initial_sp
    entry2.o(__vectab_stack_and_reset_area) refers to startup_stm32f10x_md.o(STACK) for __initial_sp
    entry2.o(__vectab_stack_and_reset_area) refers to entry.o(.ARM.Collect$$$$00000000) for __main
    entry5.o(.ARM.Collect$$$$00000004) refers to init.o(.text) for __scatterload
    entry9a.o(.ARM.Collect$$$$0000000B) refers to main.o(.text) for main
    entry9b.o(.ARM.Collect$$$$0000000C) refers to main.o(.text) for main
    uldiv.o(.text) refers to llushr.o(.text) for __aeabi_llsr
    uldiv.o(.text) refers to llshl.o(.text) for __aeabi_llsl
    dadd.o(.text) refers to llshl.o(.text) for __aeabi_llsl
    dadd.o(.text) refers to llsshr.o(.text) for __aeabi_lasr
    dadd.o(.text) refers to depilogue.o(.text) for _double_epilogue
    dmul.o(.text) refers to depilogue.o(.text) for _double_epilogue
    ddiv.o(.text) refers to depilogue.o(.text) for _double_round
    dfixul.o(.text) refers to llushr.o(.text) for __aeabi_llsr
    dfixul.o(.text) refers to llshl.o(.text) for __aeabi_llsl
    init.o(.text) refers to entry5.o(.ARM.Collect$$$$00000004) for __main_after_scatterload
    depilogue.o(.text) refers to llshl.o(.text) for __aeabi_llsl
    depilogue.o(.text) refers to llushr.o(.text) for __aeabi_llsr


==============================================================================

Removing Unused input sections from the image.

    Removing startup_stm32f10x_md.o(HEAP), (512 bytes).
    Removing core_cm3.o(.emb_text), (32 bytes).
    Removing stm32f10x_bkp.o(.text), (196 bytes).
    Removing stm32f10x_can.o(.text), (2544 bytes).
    Removing stm32f10x_cec.o(.text), (288 bytes).
    Removing stm32f10x_crc.o(.text), (72 bytes).
    Removing stm32f10x_dac.o(.text), (396 bytes).
    Removing stm32f10x_dbgmcu.o(.text), (48 bytes).
    Removing stm32f10x_dma.o(.text), (596 bytes).
    Removing stm32f10x_exti.o(.text), (284 bytes).
    Removing stm32f10x_flash.o(.text), (1468 bytes).
    Removing stm32f10x_fsmc.o(.text), (1548 bytes).
    Removing stm32f10x_i2c.o(.text), (1028 bytes).
    Removing stm32f10x_iwdg.o(.text), (64 bytes).
    Removing stm32f10x_pwr.o(.text), (204 bytes).
    Removing stm32f10x_rtc.o(.text), (328 bytes).
    Removing stm32f10x_sdio.o(.text), (468 bytes).
    Removing stm32f10x_spi.o(.text), (780 bytes).
    Removing stm32f10x_tim.o(.text), (3610 bytes).
    Removing stm32f10x_wwdg.o(.text), (136 bytes).
    Removing test.o(.bss), (1500 bytes).
    Removing hal_infrared.o(.text), (64 bytes).

22 unused section(s) (total 16166 bytes) removed from the image.

==============================================================================

Image Symbol Table

    Local Symbols

    Symbol Name                              Value     Ov Type        Size  Object(Section)

    ../clib/microlib/division.c              0x00000000   Number         0  uldiv.o ABSOLUTE
    ../clib/microlib/division.c              0x00000000   Number         0  uidiv.o ABSOLUTE
    ../clib/microlib/init/entry.s            0x00000000   Number         0  entry5.o ABSOLUTE
    ../clib/microlib/init/entry.s            0x00000000   Number         0  entry7a.o ABSOLUTE
    ../clib/microlib/init/entry.s            0x00000000   Number         0  entry7b.o ABSOLUTE
    ../clib/microlib/init/entry.s            0x00000000   Number         0  entry8a.o ABSOLUTE
    ../clib/microlib/init/entry.s            0x00000000   Number         0  entry9a.o ABSOLUTE
    ../clib/microlib/init/entry.s            0x00000000   Number         0  entry8b.o ABSOLUTE
    ../clib/microlib/init/entry.s            0x00000000   Number         0  entry9b.o ABSOLUTE
    ../clib/microlib/init/entry.s            0x00000000   Number         0  entry10a.o ABSOLUTE
    ../clib/microlib/init/entry.s            0x00000000   Number         0  entry10b.o ABSOLUTE
    ../clib/microlib/init/entry.s            0x00000000   Number         0  entry11a.o ABSOLUTE
    ../clib/microlib/init/entry.s            0x00000000   Number         0  entry11b.o ABSOLUTE
    ../clib/microlib/init/entry.s            0x00000000   Number         0  entry.o ABSOLUTE
    ../clib/microlib/init/entry.s            0x00000000   Number         0  entry2.o ABSOLUTE
    ../clib/microlib/longlong.c              0x00000000   Number         0  llshl.o ABSOLUTE
    ../clib/microlib/longlong.c              0x00000000   Number         0  llsshr.o ABSOLUTE
    ../clib/microlib/longlong.c              0x00000000   Number         0  llushr.o ABSOLUTE
    ../clib/microlib/printf/printf.c         0x00000000   Number         0  printf4.o ABSOLUTE
    ../clib/microlib/printf/printf.c         0x00000000   Number         0  printf3.o ABSOLUTE
    ../clib/microlib/printf/printf.c         0x00000000   Number         0  printf8.o ABSOLUTE
    ../clib/microlib/printf/printf.c         0x00000000   Number         0  printf2.o ABSOLUTE
    ../clib/microlib/printf/printf.c         0x00000000   Number         0  printf0.o ABSOLUTE
    ../clib/microlib/printf/printf.c         0x00000000   Number         0  printf1.o ABSOLUTE
    ../clib/microlib/printf/printf.c         0x00000000   Number         0  printfb.o ABSOLUTE
    ../clib/microlib/printf/printf.c         0x00000000   Number         0  printf7.o ABSOLUTE
    ../clib/microlib/printf/printf.c         0x00000000   Number         0  printf6.o ABSOLUTE
    ../clib/microlib/printf/printf.c         0x00000000   Number         0  printf5.o ABSOLUTE
    ../clib/microlib/printf/printf.c         0x00000000   Number         0  printfa.o ABSOLUTE
    ../clib/microlib/printf/stubs.s          0x00000000   Number         0  stubs.o ABSOLUTE
    ../clib/microlib/stdio/streams.c         0x00000000   Number         0  stdout.o ABSOLUTE
    ../clib/microlib/string/memset.c         0x00000000   Number         0  memseta.o ABSOLUTE
    ../clib/microlib/string/strlen.c         0x00000000   Number         0  strlen.o ABSOLUTE
    ../clib/microlib/string/strstr.c         0x00000000   Number         0  strstr.o ABSOLUTE
    ../clib/microlib/stubs.s                 0x00000000   Number         0  iusefp.o ABSOLUTE
    ../fplib/microlib/f2d.c                  0x00000000   Number         0  f2d.o ABSOLUTE
    ../fplib/microlib/fpadd.c                0x00000000   Number         0  dadd.o ABSOLUTE
    ../fplib/microlib/fpdiv.c                0x00000000   Number         0  ddiv.o ABSOLUTE
    ../fplib/microlib/fpepilogue.c           0x00000000   Number         0  fepilogue.o ABSOLUTE
    ../fplib/microlib/fpepilogue.c           0x00000000   Number         0  depilogue.o ABSOLUTE
    ../fplib/microlib/fpfix.c                0x00000000   Number         0  dfixul.o ABSOLUTE
    ../fplib/microlib/fpflt.c                0x00000000   Number         0  ffltui.o ABSOLUTE
    ../fplib/microlib/fpmul.c                0x00000000   Number         0  dmul.o ABSOLUTE
    ..\..\Libraries\CMSIS\core_cm3.c         0x00000000   Number         0  core_cm3.o ABSOLUTE
    ..\..\Libraries\CMSIS\startup\startup_stm32f10x_md.s 0x00000000   Number         0  startup_stm32f10x_md.o ABSOLUTE
    ..\..\Libraries\CMSIS\system_stm32f10x.c 0x00000000   Number         0  system_stm32f10x.o ABSOLUTE
    ..\..\Libraries\FWlib\src\misc.c         0x00000000   Number         0  misc.o ABSOLUTE
    ..\..\Libraries\FWlib\src\stm32f10x_adc.c 0x00000000   Number         0  stm32f10x_adc.o ABSOLUTE
    ..\..\Libraries\FWlib\src\stm32f10x_bkp.c 0x00000000   Number         0  stm32f10x_bkp.o ABSOLUTE
    ..\..\Libraries\FWlib\src\stm32f10x_can.c 0x00000000   Number         0  stm32f10x_can.o ABSOLUTE
    ..\..\Libraries\FWlib\src\stm32f10x_cec.c 0x00000000   Number         0  stm32f10x_cec.o ABSOLUTE
    ..\..\Libraries\FWlib\src\stm32f10x_crc.c 0x00000000   Number         0  stm32f10x_crc.o ABSOLUTE
    ..\..\Libraries\FWlib\src\stm32f10x_dac.c 0x00000000   Number         0  stm32f10x_dac.o ABSOLUTE
    ..\..\Libraries\FWlib\src\stm32f10x_dbgmcu.c 0x00000000   Number         0  stm32f10x_dbgmcu.o ABSOLUTE
    ..\..\Libraries\FWlib\src\stm32f10x_dma.c 0x00000000   Number         0  stm32f10x_dma.o ABSOLUTE
    ..\..\Libraries\FWlib\src\stm32f10x_exti.c 0x00000000   Number         0  stm32f10x_exti.o ABSOLUTE
    ..\..\Libraries\FWlib\src\stm32f10x_flash.c 0x00000000   Number         0  stm32f10x_flash.o ABSOLUTE
    ..\..\Libraries\FWlib\src\stm32f10x_fsmc.c 0x00000000   Number         0  stm32f10x_fsmc.o ABSOLUTE
    ..\..\Libraries\FWlib\src\stm32f10x_gpio.c 0x00000000   Number         0  stm32f10x_gpio.o ABSOLUTE
    ..\..\Libraries\FWlib\src\stm32f10x_i2c.c 0x00000000   Number         0  stm32f10x_i2c.o ABSOLUTE
    ..\..\Libraries\FWlib\src\stm32f10x_iwdg.c 0x00000000   Number         0  stm32f10x_iwdg.o ABSOLUTE
    ..\..\Libraries\FWlib\src\stm32f10x_pwr.c 0x00000000   Number         0  stm32f10x_pwr.o ABSOLUTE
    ..\..\Libraries\FWlib\src\stm32f10x_rcc.c 0x00000000   Number         0  stm32f10x_rcc.o ABSOLUTE
    ..\..\Libraries\FWlib\src\stm32f10x_rtc.c 0x00000000   Number         0  stm32f10x_rtc.o ABSOLUTE
    ..\..\Libraries\FWlib\src\stm32f10x_sdio.c 0x00000000   Number         0  stm32f10x_sdio.o ABSOLUTE
    ..\..\Libraries\FWlib\src\stm32f10x_spi.c 0x00000000   Number         0  stm32f10x_spi.o ABSOLUTE
    ..\..\Libraries\FWlib\src\stm32f10x_tim.c 0x00000000   Number         0  stm32f10x_tim.o ABSOLUTE
    ..\..\Libraries\FWlib\src\stm32f10x_usart.c 0x00000000   Number         0  stm32f10x_usart.o ABSOLUTE
    ..\..\Libraries\FWlib\src\stm32f10x_wwdg.c 0x00000000   Number         0  stm32f10x_wwdg.o ABSOLUTE
    ..\..\User\Common\Common.c               0x00000000   Number         0  common.o ABSOLUTE
    ..\..\User\ESP8266\bsp_esp8266.c         0x00000000   Number         0  bsp_esp8266.o ABSOLUTE
    ..\..\User\Hal_rgb_led\hal_rgb_led.c     0x00000000   Number         0  hal_rgb_led.o ABSOLUTE
    ..\..\User\SysTick\bsp_SysTick.c         0x00000000   Number         0  bsp_systick.o ABSOLUTE
    ..\..\User\Test\test.c                   0x00000000   Number         0  test.o ABSOLUTE
    ..\..\User\bodyinduction\bodyinduction.c 0x00000000   Number         0  bodyinduction.o ABSOLUTE
    ..\..\User\dht11\bsp_dht11.c             0x00000000   Number         0  bsp_dht11.o ABSOLUTE
    ..\..\User\gp2y\gp2y.c                   0x00000000   Number         0  gp2y.o ABSOLUTE
    ..\..\User\infrared\hal_infrared.c       0x00000000   Number         0  hal_infrared.o ABSOLUTE
    ..\..\User\main.c                        0x00000000   Number         0  main.o ABSOLUTE
    ..\..\User\stm32f10x_it.c                0x00000000   Number         0  stm32f10x_it.o ABSOLUTE
    ..\..\User\usart\bsp_usart1.c            0x00000000   Number         0  bsp_usart1.o ABSOLUTE
    ..\\..\\Libraries\\CMSIS\\core_cm3.c     0x00000000   Number         0  core_cm3.o ABSOLUTE
    cdrcmple.s                               0x00000000   Number         0  cdrcmple.o ABSOLUTE
    dc.s                                     0x00000000   Number         0  dc.o ABSOLUTE
    handlers.s                               0x00000000   Number         0  handlers.o ABSOLUTE
    init.s                                   0x00000000   Number         0  init.o ABSOLUTE
    RESET                                    0x08000000   Section      236  startup_stm32f10x_md.o(RESET)
    .ARM.Collect$$$$00000000                 0x080000ec   Section        0  entry.o(.ARM.Collect$$$$00000000)
    .ARM.Collect$$$$00000001                 0x080000ec   Section        4  entry2.o(.ARM.Collect$$$$00000001)
    .ARM.Collect$$$$00000004                 0x080000f0   Section        4  entry5.o(.ARM.Collect$$$$00000004)
    .ARM.Collect$$$$00000008                 0x080000f4   Section        0  entry7b.o(.ARM.Collect$$$$00000008)
    .ARM.Collect$$$$0000000A                 0x080000f4   Section        0  entry8b.o(.ARM.Collect$$$$0000000A)
    .ARM.Collect$$$$0000000B                 0x080000f4   Section        8  entry9a.o(.ARM.Collect$$$$0000000B)
    .ARM.Collect$$$$0000000D                 0x080000fc   Section        0  entry10a.o(.ARM.Collect$$$$0000000D)
    .ARM.Collect$$$$0000000F                 0x080000fc   Section        0  entry11a.o(.ARM.Collect$$$$0000000F)
    .ARM.Collect$$$$00002712                 0x080000fc   Section        4  entry2.o(.ARM.Collect$$$$00002712)
    __lit__00000000                          0x080000fc   Data           4  entry2.o(.ARM.Collect$$$$00002712)
    .text                                    0x08000100   Section       36  startup_stm32f10x_md.o(.text)
    .text                                    0x08000124   Section        0  system_stm32f10x.o(.text)
    SetSysClockTo72                          0x08000125   Thumb Code   214  system_stm32f10x.o(.text)
    SetSysClock                              0x080001fb   Thumb Code     8  system_stm32f10x.o(.text)
    .text                                    0x08000304   Section        0  misc.o(.text)
    .text                                    0x080003e0   Section        0  stm32f10x_adc.o(.text)
    .text                                    0x08000830   Section        0  stm32f10x_gpio.o(.text)
    .text                                    0x08000b8c   Section        0  stm32f10x_rcc.o(.text)
    .text                                    0x08000f30   Section        0  stm32f10x_usart.o(.text)
    .text                                    0x08001338   Section        0  main.o(.text)
    .text                                    0x08001390   Section        0  stm32f10x_it.o(.text)
    .text                                    0x08001450   Section        0  bsp_usart1.o(.text)
    .text                                    0x08001670   Section        0  bsp_systick.o(.text)
    .text                                    0x08001724   Section        0  bsp_esp8266.o(.text)
    ESP8266_USART_NVIC_Configuration         0x08001725   Thumb Code    40  bsp_esp8266.o(.text)
    ESP8266_USART_Config                     0x0800174d   Thumb Code   148  bsp_esp8266.o(.text)
    ESP8266_GPIO_Config                      0x080017e1   Thumb Code    64  bsp_esp8266.o(.text)
    .text                                    0x08001fec   Section        0  common.o(.text)
    itoa                                     0x08001fed   Thumb Code    98  common.o(.text)
    .text                                    0x08002154   Section        0  bsp_dht11.o(.text)
    .text                                    0x080022bc   Section        0  test.o(.text)
    .text                                    0x080027a0   Section        0  gp2y.o(.text)
    .text                                    0x080028c4   Section        0  bodyinduction.o(.text)
    .text                                    0x08002974   Section        0  hal_rgb_led.o(.text)
    .text                                    0x08002af0   Section        0  memseta.o(.text)
    .text                                    0x08002b14   Section        0  strstr.o(.text)
    .text                                    0x08002b38   Section        0  strlen.o(.text)
    .text                                    0x08002b46   Section        0  ffltui.o(.text)
    .text                                    0x08002b50   Section        0  f2d.o(.text)
    .text                                    0x08002b76   Section        0  uidiv.o(.text)
    .text                                    0x08002ba2   Section        0  uldiv.o(.text)
    .text                                    0x08002c04   Section        0  iusefp.o(.text)
    .text                                    0x08002c04   Section        0  fepilogue.o(.text)
    .text                                    0x08002c72   Section        0  dadd.o(.text)
    .text                                    0x08002dc0   Section        0  dmul.o(.text)
    .text                                    0x08002ea4   Section        0  ddiv.o(.text)
    .text                                    0x08002f82   Section        0  dfixul.o(.text)
    .text                                    0x08002fb4   Section       48  cdrcmple.o(.text)
    .text                                    0x08002fe4   Section       36  init.o(.text)
    .text                                    0x08003008   Section        0  llshl.o(.text)
    .text                                    0x08003026   Section        0  llushr.o(.text)
    .text                                    0x08003046   Section        0  llsshr.o(.text)
    .text                                    0x0800306a   Section        0  depilogue.o(.text)
    i.__0printf                              0x08003124   Section        0  printfa.o(i.__0printf)
    i.__0sprintf                             0x08003144   Section        0  printfa.o(i.__0sprintf)
    i.__scatterload_copy                     0x0800316c   Section       14  handlers.o(i.__scatterload_copy)
    i.__scatterload_null                     0x0800317a   Section        2  handlers.o(i.__scatterload_null)
    i.__scatterload_zeroinit                 0x0800317c   Section       14  handlers.o(i.__scatterload_zeroinit)
    i._fp_digits                             0x0800318c   Section        0  printfa.o(i._fp_digits)
    _fp_digits                               0x0800318d   Thumb Code   334  printfa.o(i._fp_digits)
    i._printf_core                           0x080032f0   Section        0  printfa.o(i._printf_core)
    _printf_core                             0x080032f1   Thumb Code  1744  printfa.o(i._printf_core)
    i._printf_post_padding                   0x080039cc   Section        0  printfa.o(i._printf_post_padding)
    _printf_post_padding                     0x080039cd   Thumb Code    36  printfa.o(i._printf_post_padding)
    i._printf_pre_padding                    0x080039f0   Section        0  printfa.o(i._printf_pre_padding)
    _printf_pre_padding                      0x080039f1   Thumb Code    46  printfa.o(i._printf_pre_padding)
    i._sputc                                 0x08003a1e   Section        0  printfa.o(i._sputc)
    _sputc                                   0x08003a1f   Thumb Code    10  printfa.o(i._sputc)
    .data                                    0x20000000   Section       20  system_stm32f10x.o(.data)
    .data                                    0x20000014   Section       20  stm32f10x_rcc.o(.data)
    APBAHBPrescTable                         0x20000014   Data          16  stm32f10x_rcc.o(.data)
    ADCPrescTable                            0x20000024   Data           4  stm32f10x_rcc.o(.data)
    .data                                    0x20000028   Section        4  bsp_systick.o(.data)
    TimingDelay                              0x20000028   Data           4  bsp_systick.o(.data)
    .data                                    0x2000002c   Section        8  test.o(.data)
    .data                                    0x20000034   Section        2  gp2y.o(.data)
    .data                                    0x20000038   Section        4  bodyinduction.o(.data)
    .data                                    0x2000003c   Section        4  stdout.o(.data)
    .bss                                     0x20000040   Section     1026  bsp_esp8266.o(.bss)
    STACK                                    0x20000448   Section     1024  startup_stm32f10x_md.o(STACK)

    Global Symbols

    Symbol Name                              Value     Ov Type        Size  Object(Section)

    BuildAttributes$$THM_ISAv4$P$D$K$B$S$PE$A:L22UL41UL21$X:L11$S22US41US21$IEEE1$IW$USESV6$~STKCKD$USESV7$~SHL$OTIME$ROPI$EBA8$MICROLIB$REQ8$PRES8$EABIv2 0x00000000   Number         0  anon$$obj.o ABSOLUTE
    __ARM_use_no_argv                        0x00000000   Number         0  main.o ABSOLUTE
    _printf_a                                0x00000000   Number         0  stubs.o ABSOLUTE
    _printf_c                                0x00000000   Number         0  stubs.o ABSOLUTE
    _printf_charcount                        0x00000000   Number         0  stubs.o ABSOLUTE
    _printf_d                                0x00000000   Number         0  stubs.o ABSOLUTE
    _printf_e                                0x00000000   Number         0  stubs.o ABSOLUTE
    _printf_f                                0x00000000   Number         0  stubs.o ABSOLUTE
    _printf_flags                            0x00000000   Number         0  stubs.o ABSOLUTE
    _printf_fp_dec                           0x00000000   Number         0  stubs.o ABSOLUTE
    _printf_fp_hex                           0x00000000   Number         0  stubs.o ABSOLUTE
    _printf_g                                0x00000000   Number         0  stubs.o ABSOLUTE
    _printf_i                                0x00000000   Number         0  stubs.o ABSOLUTE
    _printf_int_dec                          0x00000000   Number         0  stubs.o ABSOLUTE
    _printf_l                                0x00000000   Number         0  stubs.o ABSOLUTE
    _printf_lc                               0x00000000   Number         0  stubs.o ABSOLUTE
    _printf_ll                               0x00000000   Number         0  stubs.o ABSOLUTE
    _printf_lld                              0x00000000   Number         0  stubs.o ABSOLUTE
    _printf_lli                              0x00000000   Number         0  stubs.o ABSOLUTE
    _printf_llo                              0x00000000   Number         0  stubs.o ABSOLUTE
    _printf_llu                              0x00000000   Number         0  stubs.o ABSOLUTE
    _printf_llx                              0x00000000   Number         0  stubs.o ABSOLUTE
    _printf_longlong_dec                     0x00000000   Number         0  stubs.o ABSOLUTE
    _printf_longlong_hex                     0x00000000   Number         0  stubs.o ABSOLUTE
    _printf_longlong_oct                     0x00000000   Number         0  stubs.o ABSOLUTE
    _printf_ls                               0x00000000   Number         0  stubs.o ABSOLUTE
    _printf_mbtowc                           0x00000000   Number         0  stubs.o ABSOLUTE
    _printf_n                                0x00000000   Number         0  stubs.o ABSOLUTE
    _printf_o                                0x00000000   Number         0  stubs.o ABSOLUTE
    _printf_p                                0x00000000   Number         0  stubs.o ABSOLUTE
    _printf_percent                          0x00000000   Number         0  stubs.o ABSOLUTE
    _printf_pre_padding                      0x00000000   Number         0  stubs.o ABSOLUTE
    _printf_return_value                     0x00000000   Number         0  stubs.o ABSOLUTE
    _printf_s                                0x00000000   Number         0  stubs.o ABSOLUTE
    _printf_sizespec                         0x00000000   Number         0  stubs.o ABSOLUTE
    _printf_str                              0x00000000   Number         0  stubs.o ABSOLUTE
    _printf_truncate_signed                  0x00000000   Number         0  stubs.o ABSOLUTE
    _printf_truncate_unsigned                0x00000000   Number         0  stubs.o ABSOLUTE
    _printf_u                                0x00000000   Number         0  stubs.o ABSOLUTE
    _printf_wc                               0x00000000   Number         0  stubs.o ABSOLUTE
    _printf_wctomb                           0x00000000   Number         0  stubs.o ABSOLUTE
    _printf_widthprec                        0x00000000   Number         0  stubs.o ABSOLUTE
    _printf_x                                0x00000000   Number         0  stubs.o ABSOLUTE
    __cpp_initialize__aeabi_                  - Undefined Weak Reference
    __cxa_finalize                            - Undefined Weak Reference
    __decompress                              - Undefined Weak Reference
    _clock_init                               - Undefined Weak Reference
    _microlib_exit                            - Undefined Weak Reference
    __Vectors_Size                           0x000000ec   Number         0  startup_stm32f10x_md.o ABSOLUTE
    __Vectors                                0x08000000   Data           4  startup_stm32f10x_md.o(RESET)
    __Vectors_End                            0x080000ec   Data           0  startup_stm32f10x_md.o(RESET)
    __main                                   0x080000ed   Thumb Code     0  entry.o(.ARM.Collect$$$$00000000)
    _main_stk                                0x080000ed   Thumb Code     0  entry2.o(.ARM.Collect$$$$00000001)
    _main_scatterload                        0x080000f1   Thumb Code     0  entry5.o(.ARM.Collect$$$$00000004)
    __main_after_scatterload                 0x080000f5   Thumb Code     0  entry5.o(.ARM.Collect$$$$00000004)
    _main_clock                              0x080000f5   Thumb Code     0  entry7b.o(.ARM.Collect$$$$00000008)
    _main_cpp_init                           0x080000f5   Thumb Code     0  entry8b.o(.ARM.Collect$$$$0000000A)
    _main_init                               0x080000f5   Thumb Code     0  entry9a.o(.ARM.Collect$$$$0000000B)
    __rt_final_cpp                           0x080000fd   Thumb Code     0  entry10a.o(.ARM.Collect$$$$0000000D)
    __rt_final_exit                          0x080000fd   Thumb Code     0  entry11a.o(.ARM.Collect$$$$0000000F)
    Reset_Handler                            0x08000101   Thumb Code     8  startup_stm32f10x_md.o(.text)
    ADC1_2_IRQHandler                        0x0800011b   Thumb Code     0  startup_stm32f10x_md.o(.text)
    CAN1_RX1_IRQHandler                      0x0800011b   Thumb Code     0  startup_stm32f10x_md.o(.text)
    CAN1_SCE_IRQHandler                      0x0800011b   Thumb Code     0  startup_stm32f10x_md.o(.text)
    DMA1_Channel1_IRQHandler                 0x0800011b   Thumb Code     0  startup_stm32f10x_md.o(.text)
    DMA1_Channel2_IRQHandler                 0x0800011b   Thumb Code     0  startup_stm32f10x_md.o(.text)
    DMA1_Channel3_IRQHandler                 0x0800011b   Thumb Code     0  startup_stm32f10x_md.o(.text)
    DMA1_Channel4_IRQHandler                 0x0800011b   Thumb Code     0  startup_stm32f10x_md.o(.text)
    DMA1_Channel5_IRQHandler                 0x0800011b   Thumb Code     0  startup_stm32f10x_md.o(.text)
    DMA1_Channel6_IRQHandler                 0x0800011b   Thumb Code     0  startup_stm32f10x_md.o(.text)
    DMA1_Channel7_IRQHandler                 0x0800011b   Thumb Code     0  startup_stm32f10x_md.o(.text)
    EXTI0_IRQHandler                         0x0800011b   Thumb Code     0  startup_stm32f10x_md.o(.text)
    EXTI15_10_IRQHandler                     0x0800011b   Thumb Code     0  startup_stm32f10x_md.o(.text)
    EXTI1_IRQHandler                         0x0800011b   Thumb Code     0  startup_stm32f10x_md.o(.text)
    EXTI2_IRQHandler                         0x0800011b   Thumb Code     0  startup_stm32f10x_md.o(.text)
    EXTI3_IRQHandler                         0x0800011b   Thumb Code     0  startup_stm32f10x_md.o(.text)
    EXTI4_IRQHandler                         0x0800011b   Thumb Code     0  startup_stm32f10x_md.o(.text)
    EXTI9_5_IRQHandler                       0x0800011b   Thumb Code     0  startup_stm32f10x_md.o(.text)
    FLASH_IRQHandler                         0x0800011b   Thumb Code     0  startup_stm32f10x_md.o(.text)
    I2C1_ER_IRQHandler                       0x0800011b   Thumb Code     0  startup_stm32f10x_md.o(.text)
    I2C1_EV_IRQHandler                       0x0800011b   Thumb Code     0  startup_stm32f10x_md.o(.text)
    I2C2_ER_IRQHandler                       0x0800011b   Thumb Code     0  startup_stm32f10x_md.o(.text)
    I2C2_EV_IRQHandler                       0x0800011b   Thumb Code     0  startup_stm32f10x_md.o(.text)
    PVD_IRQHandler                           0x0800011b   Thumb Code     0  startup_stm32f10x_md.o(.text)
    RCC_IRQHandler                           0x0800011b   Thumb Code     0  startup_stm32f10x_md.o(.text)
    RTCAlarm_IRQHandler                      0x0800011b   Thumb Code     0  startup_stm32f10x_md.o(.text)
    RTC_IRQHandler                           0x0800011b   Thumb Code     0  startup_stm32f10x_md.o(.text)
    SPI1_IRQHandler                          0x0800011b   Thumb Code     0  startup_stm32f10x_md.o(.text)
    SPI2_IRQHandler                          0x0800011b   Thumb Code     0  startup_stm32f10x_md.o(.text)
    TAMPER_IRQHandler                        0x0800011b   Thumb Code     0  startup_stm32f10x_md.o(.text)
    TIM1_BRK_IRQHandler                      0x0800011b   Thumb Code     0  startup_stm32f10x_md.o(.text)
    TIM1_CC_IRQHandler                       0x0800011b   Thumb Code     0  startup_stm32f10x_md.o(.text)
    TIM1_TRG_COM_IRQHandler                  0x0800011b   Thumb Code     0  startup_stm32f10x_md.o(.text)
    TIM1_UP_IRQHandler                       0x0800011b   Thumb Code     0  startup_stm32f10x_md.o(.text)
    TIM2_IRQHandler                          0x0800011b   Thumb Code     0  startup_stm32f10x_md.o(.text)
    TIM3_IRQHandler                          0x0800011b   Thumb Code     0  startup_stm32f10x_md.o(.text)
    TIM4_IRQHandler                          0x0800011b   Thumb Code     0  startup_stm32f10x_md.o(.text)
    USART1_IRQHandler                        0x0800011b   Thumb Code     0  startup_stm32f10x_md.o(.text)
    USART3_IRQHandler                        0x0800011b   Thumb Code     0  startup_stm32f10x_md.o(.text)
    USBWakeUp_IRQHandler                     0x0800011b   Thumb Code     0  startup_stm32f10x_md.o(.text)
    USB_HP_CAN1_TX_IRQHandler                0x0800011b   Thumb Code     0  startup_stm32f10x_md.o(.text)
    USB_LP_CAN1_RX0_IRQHandler               0x0800011b   Thumb Code     0  startup_stm32f10x_md.o(.text)
    WWDG_IRQHandler                          0x0800011b   Thumb Code     0  startup_stm32f10x_md.o(.text)
    SystemInit                               0x08000203   Thumb Code    78  system_stm32f10x.o(.text)
    SystemCoreClockUpdate                    0x08000251   Thumb Code   142  system_stm32f10x.o(.text)
    NVIC_PriorityGroupConfig                 0x08000305   Thumb Code    10  misc.o(.text)
    NVIC_Init                                0x0800030f   Thumb Code   100  misc.o(.text)
    NVIC_SetVectorTable                      0x08000373   Thumb Code    14  misc.o(.text)
    NVIC_SystemLPConfig                      0x08000381   Thumb Code    34  misc.o(.text)
    SysTick_CLKSourceConfig                  0x080003a3   Thumb Code    40  misc.o(.text)
    ADC_DeInit                               0x080003e1   Thumb Code    78  stm32f10x_adc.o(.text)
    ADC_Init                                 0x0800042f   Thumb Code    70  stm32f10x_adc.o(.text)
    ADC_StructInit                           0x08000475   Thumb Code    18  stm32f10x_adc.o(.text)
    ADC_Cmd                                  0x08000487   Thumb Code    22  stm32f10x_adc.o(.text)
    ADC_DMACmd                               0x0800049d   Thumb Code    22  stm32f10x_adc.o(.text)
    ADC_ITConfig                             0x080004b3   Thumb Code    24  stm32f10x_adc.o(.text)
    ADC_ResetCalibration                     0x080004cb   Thumb Code    10  stm32f10x_adc.o(.text)
    ADC_GetResetCalibrationStatus            0x080004d5   Thumb Code    20  stm32f10x_adc.o(.text)
    ADC_StartCalibration                     0x080004e9   Thumb Code    10  stm32f10x_adc.o(.text)
    ADC_GetCalibrationStatus                 0x080004f3   Thumb Code    20  stm32f10x_adc.o(.text)
    ADC_SoftwareStartConvCmd                 0x08000507   Thumb Code    22  stm32f10x_adc.o(.text)
    ADC_GetSoftwareStartConvStatus           0x0800051d   Thumb Code    20  stm32f10x_adc.o(.text)
    ADC_DiscModeChannelCountConfig           0x08000531   Thumb Code    24  stm32f10x_adc.o(.text)
    ADC_DiscModeCmd                          0x08000549   Thumb Code    22  stm32f10x_adc.o(.text)
    ADC_RegularChannelConfig                 0x0800055f   Thumb Code   184  stm32f10x_adc.o(.text)
    ADC_ExternalTrigConvCmd                  0x08000617   Thumb Code    22  stm32f10x_adc.o(.text)
    ADC_GetConversionValue                   0x0800062d   Thumb Code     8  stm32f10x_adc.o(.text)
    ADC_GetDualModeConversionValue           0x08000635   Thumb Code     8  stm32f10x_adc.o(.text)
    ADC_AutoInjectedConvCmd                  0x0800063d   Thumb Code    22  stm32f10x_adc.o(.text)
    ADC_InjectedDiscModeCmd                  0x08000653   Thumb Code    22  stm32f10x_adc.o(.text)
    ADC_ExternalTrigInjectedConvConfig       0x08000669   Thumb Code    16  stm32f10x_adc.o(.text)
    ADC_ExternalTrigInjectedConvCmd          0x08000679   Thumb Code    22  stm32f10x_adc.o(.text)
    ADC_SoftwareStartInjectedConvCmd         0x0800068f   Thumb Code    22  stm32f10x_adc.o(.text)
    ADC_GetSoftwareStartInjectedConvCmdStatus 0x080006a5   Thumb Code    20  stm32f10x_adc.o(.text)
    ADC_InjectedChannelConfig                0x080006b9   Thumb Code   130  stm32f10x_adc.o(.text)
    ADC_InjectedSequencerLengthConfig        0x0800073b   Thumb Code    24  stm32f10x_adc.o(.text)
    ADC_SetInjectedOffset                    0x08000753   Thumb Code    20  stm32f10x_adc.o(.text)
    ADC_GetInjectedConversionValue           0x08000767   Thumb Code    28  stm32f10x_adc.o(.text)
    ADC_AnalogWatchdogCmd                    0x08000783   Thumb Code    16  stm32f10x_adc.o(.text)
    ADC_AnalogWatchdogThresholdsConfig       0x08000793   Thumb Code     6  stm32f10x_adc.o(.text)
    ADC_AnalogWatchdogSingleChannelConfig    0x08000799   Thumb Code    16  stm32f10x_adc.o(.text)
    ADC_TempSensorVrefintCmd                 0x080007a9   Thumb Code    64  stm32f10x_adc.o(.text)
    ADC_GetFlagStatus                        0x080007e9   Thumb Code    18  stm32f10x_adc.o(.text)
    ADC_ClearFlag                            0x080007fb   Thumb Code     6  stm32f10x_adc.o(.text)
    ADC_GetITStatus                          0x08000801   Thumb Code    36  stm32f10x_adc.o(.text)
    ADC_ClearITPendingBit                    0x08000825   Thumb Code    10  stm32f10x_adc.o(.text)
    GPIO_DeInit                              0x08000831   Thumb Code   172  stm32f10x_gpio.o(.text)
    GPIO_AFIODeInit                          0x080008dd   Thumb Code    20  stm32f10x_gpio.o(.text)
    GPIO_Init                                0x080008f1   Thumb Code   278  stm32f10x_gpio.o(.text)
    GPIO_StructInit                          0x08000a07   Thumb Code    16  stm32f10x_gpio.o(.text)
    GPIO_ReadInputDataBit                    0x08000a17   Thumb Code    18  stm32f10x_gpio.o(.text)
    GPIO_ReadInputData                       0x08000a29   Thumb Code     8  stm32f10x_gpio.o(.text)
    GPIO_ReadOutputDataBit                   0x08000a31   Thumb Code    18  stm32f10x_gpio.o(.text)
    GPIO_ReadOutputData                      0x08000a43   Thumb Code     8  stm32f10x_gpio.o(.text)
    GPIO_SetBits                             0x08000a4b   Thumb Code     4  stm32f10x_gpio.o(.text)
    GPIO_ResetBits                           0x08000a4f   Thumb Code     4  stm32f10x_gpio.o(.text)
    GPIO_WriteBit                            0x08000a53   Thumb Code    10  stm32f10x_gpio.o(.text)
    GPIO_Write                               0x08000a5d   Thumb Code     4  stm32f10x_gpio.o(.text)
    GPIO_PinLockConfig                       0x08000a61   Thumb Code    18  stm32f10x_gpio.o(.text)
    GPIO_EventOutputConfig                   0x08000a73   Thumb Code    26  stm32f10x_gpio.o(.text)
    GPIO_EventOutputCmd                      0x08000a8d   Thumb Code     6  stm32f10x_gpio.o(.text)
    GPIO_PinRemapConfig                      0x08000a93   Thumb Code   138  stm32f10x_gpio.o(.text)
    GPIO_EXTILineConfig                      0x08000b1d   Thumb Code    66  stm32f10x_gpio.o(.text)
    GPIO_ETH_MediaInterfaceConfig            0x08000b5f   Thumb Code     8  stm32f10x_gpio.o(.text)
    RCC_DeInit                               0x08000b8d   Thumb Code    64  stm32f10x_rcc.o(.text)
    RCC_HSEConfig                            0x08000bcd   Thumb Code    70  stm32f10x_rcc.o(.text)
    RCC_GetFlagStatus                        0x08000c13   Thumb Code    56  stm32f10x_rcc.o(.text)
    RCC_WaitForHSEStartUp                    0x08000c4b   Thumb Code    56  stm32f10x_rcc.o(.text)
    RCC_AdjustHSICalibrationValue            0x08000c83   Thumb Code    20  stm32f10x_rcc.o(.text)
    RCC_HSICmd                               0x08000c97   Thumb Code     6  stm32f10x_rcc.o(.text)
    RCC_PLLConfig                            0x08000c9d   Thumb Code    24  stm32f10x_rcc.o(.text)
    RCC_PLLCmd                               0x08000cb5   Thumb Code     6  stm32f10x_rcc.o(.text)
    RCC_SYSCLKConfig                         0x08000cbb   Thumb Code    18  stm32f10x_rcc.o(.text)
    RCC_GetSYSCLKSource                      0x08000ccd   Thumb Code    10  stm32f10x_rcc.o(.text)
    RCC_HCLKConfig                           0x08000cd7   Thumb Code    18  stm32f10x_rcc.o(.text)
    RCC_PCLK1Config                          0x08000ce9   Thumb Code    18  stm32f10x_rcc.o(.text)
    RCC_PCLK2Config                          0x08000cfb   Thumb Code    20  stm32f10x_rcc.o(.text)
    RCC_ITConfig                             0x08000d0f   Thumb Code    26  stm32f10x_rcc.o(.text)
    RCC_USBCLKConfig                         0x08000d29   Thumb Code     8  stm32f10x_rcc.o(.text)
    RCC_ADCCLKConfig                         0x08000d31   Thumb Code    18  stm32f10x_rcc.o(.text)
    RCC_LSEConfig                            0x08000d43   Thumb Code    50  stm32f10x_rcc.o(.text)
    RCC_LSICmd                               0x08000d75   Thumb Code     6  stm32f10x_rcc.o(.text)
    RCC_RTCCLKConfig                         0x08000d7b   Thumb Code    12  stm32f10x_rcc.o(.text)
    RCC_RTCCLKCmd                            0x08000d87   Thumb Code     8  stm32f10x_rcc.o(.text)
    RCC_GetClocksFreq                        0x08000d8f   Thumb Code   192  stm32f10x_rcc.o(.text)
    RCC_AHBPeriphClockCmd                    0x08000e4f   Thumb Code    26  stm32f10x_rcc.o(.text)
    RCC_APB2PeriphClockCmd                   0x08000e69   Thumb Code    26  stm32f10x_rcc.o(.text)
    RCC_APB1PeriphClockCmd                   0x08000e83   Thumb Code    26  stm32f10x_rcc.o(.text)
    RCC_APB2PeriphResetCmd                   0x08000e9d   Thumb Code    26  stm32f10x_rcc.o(.text)
    RCC_APB1PeriphResetCmd                   0x08000eb7   Thumb Code    26  stm32f10x_rcc.o(.text)
    RCC_BackupResetCmd                       0x08000ed1   Thumb Code     8  stm32f10x_rcc.o(.text)
    RCC_ClockSecuritySystemCmd               0x08000ed9   Thumb Code     6  stm32f10x_rcc.o(.text)
    RCC_MCOConfig                            0x08000edf   Thumb Code     6  stm32f10x_rcc.o(.text)
    RCC_ClearFlag                            0x08000ee5   Thumb Code    14  stm32f10x_rcc.o(.text)
    RCC_GetITStatus                          0x08000ef3   Thumb Code    20  stm32f10x_rcc.o(.text)
    RCC_ClearITPendingBit                    0x08000f07   Thumb Code     6  stm32f10x_rcc.o(.text)
    USART_DeInit                             0x08000f31   Thumb Code   134  stm32f10x_usart.o(.text)
    USART_Init                               0x08000fb7   Thumb Code   210  stm32f10x_usart.o(.text)
    USART_StructInit                         0x08001089   Thumb Code    24  stm32f10x_usart.o(.text)
    USART_ClockInit                          0x080010a1   Thumb Code    34  stm32f10x_usart.o(.text)
    USART_ClockStructInit                    0x080010c3   Thumb Code    12  stm32f10x_usart.o(.text)
    USART_Cmd                                0x080010cf   Thumb Code    24  stm32f10x_usart.o(.text)
    USART_ITConfig                           0x080010e7   Thumb Code    74  stm32f10x_usart.o(.text)
    USART_DMACmd                             0x08001131   Thumb Code    18  stm32f10x_usart.o(.text)
    USART_SetAddress                         0x08001143   Thumb Code    18  stm32f10x_usart.o(.text)
    USART_WakeUpConfig                       0x08001155   Thumb Code    18  stm32f10x_usart.o(.text)
    USART_ReceiverWakeUpCmd                  0x08001167   Thumb Code    24  stm32f10x_usart.o(.text)
    USART_LINBreakDetectLengthConfig         0x0800117f   Thumb Code    18  stm32f10x_usart.o(.text)
    USART_LINCmd                             0x08001191   Thumb Code    24  stm32f10x_usart.o(.text)
    USART_SendData                           0x080011a9   Thumb Code     8  stm32f10x_usart.o(.text)
    USART_ReceiveData                        0x080011b1   Thumb Code    10  stm32f10x_usart.o(.text)
    USART_SendBreak                          0x080011bb   Thumb Code    10  stm32f10x_usart.o(.text)
    USART_SetGuardTime                       0x080011c5   Thumb Code    16  stm32f10x_usart.o(.text)
    USART_SetPrescaler                       0x080011d5   Thumb Code    16  stm32f10x_usart.o(.text)
    USART_SmartCardCmd                       0x080011e5   Thumb Code    24  stm32f10x_usart.o(.text)
    USART_SmartCardNACKCmd                   0x080011fd   Thumb Code    24  stm32f10x_usart.o(.text)
    USART_HalfDuplexCmd                      0x08001215   Thumb Code    24  stm32f10x_usart.o(.text)
    USART_OverSampling8Cmd                   0x0800122d   Thumb Code    22  stm32f10x_usart.o(.text)
    USART_OneBitMethodCmd                    0x08001243   Thumb Code    24  stm32f10x_usart.o(.text)
    USART_IrDAConfig                         0x0800125b   Thumb Code    18  stm32f10x_usart.o(.text)
    USART_IrDACmd                            0x0800126d   Thumb Code    24  stm32f10x_usart.o(.text)
    USART_GetFlagStatus                      0x08001285   Thumb Code    26  stm32f10x_usart.o(.text)
    USART_ClearFlag                          0x0800129f   Thumb Code    18  stm32f10x_usart.o(.text)
    USART_GetITStatus                        0x080012b1   Thumb Code    84  stm32f10x_usart.o(.text)
    USART_ClearITPendingBit                  0x08001305   Thumb Code    52  stm32f10x_usart.o(.text)
    DHT11_GPIO1_Config                       0x08001339   Thumb Code    38  main.o(.text)
    main                                     0x0800135f   Thumb Code    46  main.o(.text)
    NMI_Handler                              0x08001391   Thumb Code     2  stm32f10x_it.o(.text)
    HardFault_Handler                        0x08001393   Thumb Code     4  stm32f10x_it.o(.text)
    MemManage_Handler                        0x08001397   Thumb Code     4  stm32f10x_it.o(.text)
    BusFault_Handler                         0x0800139b   Thumb Code     4  stm32f10x_it.o(.text)
    UsageFault_Handler                       0x0800139f   Thumb Code     4  stm32f10x_it.o(.text)
    SVC_Handler                              0x080013a3   Thumb Code     2  stm32f10x_it.o(.text)
    DebugMon_Handler                         0x080013a5   Thumb Code     2  stm32f10x_it.o(.text)
    PendSV_Handler                           0x080013a7   Thumb Code     2  stm32f10x_it.o(.text)
    SysTick_Handler                          0x080013a9   Thumb Code     8  stm32f10x_it.o(.text)
    USART2_IRQHandler                        0x080013b1   Thumb Code   134  stm32f10x_it.o(.text)
    USARTx_Config                            0x08001451   Thumb Code   116  bsp_usart1.o(.text)
    fputc                                    0x080014c5   Thumb Code    32  bsp_usart1.o(.text)
    fgetc                                    0x080014e5   Thumb Code    26  bsp_usart1.o(.text)
    itoa                                     0x080014ff   Thumb Code    98  bsp_usart1.o(.text)
    USART1_printf                            0x08001561   Thumb Code   262  bsp_usart1.o(.text)
    SysTick_Init                             0x08001671   Thumb Code   106  bsp_systick.o(.text)
    Delay_us                                 0x080016db   Thumb Code    36  bsp_systick.o(.text)
    TimingDelay_Decrement                    0x080016ff   Thumb Code    18  bsp_systick.o(.text)
    ESP8266_Init                             0x08001821   Thumb Code    32  bsp_esp8266.o(.text)
    ESP8266_Rst                              0x08001841   Thumb Code    30  bsp_esp8266.o(.text)
    ESP8266_Cmd                              0x0800185f   Thumb Code   182  bsp_esp8266.o(.text)
    ESP8266_AT_Test                          0x08001915   Thumb Code    56  bsp_esp8266.o(.text)
    ESP8266_Net_Mode_Choose                  0x0800194d   Thumb Code    68  bsp_esp8266.o(.text)
    ESP8266_JoinAP                           0x08001991   Thumb Code    50  bsp_esp8266.o(.text)
    ESP8266_BuildAP                          0x080019c3   Thumb Code    42  bsp_esp8266.o(.text)
    ESP8266_Enable_MultipleId                0x080019ed   Thumb Code    42  bsp_esp8266.o(.text)
    ESP8266_Link_Server                      0x08001a17   Thumb Code   176  bsp_esp8266.o(.text)
    ESP8266_StartOrShutServer                0x08001ac7   Thumb Code   104  bsp_esp8266.o(.text)
    ESP8266_Get_LinkStatus                   0x08001b2f   Thumb Code   514  bsp_esp8266.o(.text)
    ESP8266_Get_IdLinkStatus                 0x08001d31   Thumb Code   130  bsp_esp8266.o(.text)
    ESP8266_Inquire_ApIp                     0x08001db3   Thumb Code    80  bsp_esp8266.o(.text)
    ESP8266_UnvarnishSend                    0x08001e03   Thumb Code    42  bsp_esp8266.o(.text)
    ESP8266_ExitUnvarnishSend                0x08001e2d   Thumb Code    24  bsp_esp8266.o(.text)
    ESP8266_SendString                       0x08001e45   Thumb Code   104  bsp_esp8266.o(.text)
    ESP8266_ReceiveString                    0x08001ead   Thumb Code    86  bsp_esp8266.o(.text)
    USART_printf                             0x0800204f   Thumb Code   262  common.o(.text)
    DHT11_GPIO_Config                        0x08002155   Thumb Code    38  bsp_dht11.o(.text)
    DHT11_Init                               0x0800217b   Thumb Code    16  bsp_dht11.o(.text)
    DHT11_Mode_IPU                           0x0800218b   Thumb Code    24  bsp_dht11.o(.text)
    DHT11_Mode_Out_PP                        0x080021a3   Thumb Code    30  bsp_dht11.o(.text)
    DHT11_ReadByte                           0x080021c1   Thumb Code    90  bsp_dht11.o(.text)
    DHT11_Read_TempAndHumidity               0x0800221b   Thumb Code   156  bsp_dht11.o(.text)
    ESP8266_StaServer                        0x080022bd   Thumb Code   106  test.o(.text)
    ESP8266_StaClient                        0x08002327   Thumb Code    78  test.o(.text)
    ESP8266_StaTcpClient_UnvarnishTest       0x08002375   Thumb Code   620  test.o(.text)
    GP2Yinit                                 0x080027a1   Thumb Code   166  gp2y.o(.text)
    Get_Adc                                  0x08002847   Thumb Code    46  gp2y.o(.text)
    GetGP2Y                                  0x08002875   Thumb Code    62  gp2y.o(.text)
    Body_Configuration                       0x080028c5   Thumb Code    38  bodyinduction.o(.text)
    Run_Induction                            0x080028eb   Thumb Code    22  bodyinduction.o(.text)
    Run_BodyInduction_Action                 0x08002901   Thumb Code    68  bodyinduction.o(.text)
    RGB_KEY_GPIO_Init                        0x08002975   Thumb Code    44  hal_rgb_led.o(.text)
    LED_delay                                0x080029a1   Thumb Code    24  hal_rgb_led.o(.text)
    ClkProduce                               0x080029b9   Thumb Code    36  hal_rgb_led.o(.text)
    Send32Zero                               0x080029dd   Thumb Code    30  hal_rgb_led.o(.text)
    TakeAntiCode                             0x080029fb   Thumb Code    12  hal_rgb_led.o(.text)
    DatSend                                  0x08002a07   Thumb Code    52  hal_rgb_led.o(.text)
    DataDealWithAndSend                      0x08002a3b   Thumb Code    66  hal_rgb_led.o(.text)
    RGB_LED_Init                             0x08002a7d   Thumb Code    64  hal_rgb_led.o(.text)
    LED_RGB_Control                          0x08002abd   Thumb Code    42  hal_rgb_led.o(.text)
    __aeabi_memset                           0x08002af1   Thumb Code    14  memseta.o(.text)
    __aeabi_memset4                          0x08002af1   Thumb Code     0  memseta.o(.text)
    __aeabi_memset8                          0x08002af1   Thumb Code     0  memseta.o(.text)
    __aeabi_memclr                           0x08002aff   Thumb Code     4  memseta.o(.text)
    __aeabi_memclr4                          0x08002aff   Thumb Code     0  memseta.o(.text)
    __aeabi_memclr8                          0x08002aff   Thumb Code     0  memseta.o(.text)
    _memset$wrapper                          0x08002b03   Thumb Code    18  memseta.o(.text)
    strstr                                   0x08002b15   Thumb Code    36  strstr.o(.text)
    strlen                                   0x08002b39   Thumb Code    14  strlen.o(.text)
    __aeabi_ui2f                             0x08002b47   Thumb Code    10  ffltui.o(.text)
    __aeabi_f2d                              0x08002b51   Thumb Code    38  f2d.o(.text)
    __aeabi_uidiv                            0x08002b77   Thumb Code     0  uidiv.o(.text)
    __aeabi_uidivmod                         0x08002b77   Thumb Code    44  uidiv.o(.text)
    __aeabi_uldivmod                         0x08002ba3   Thumb Code    98  uldiv.o(.text)
    __I$use$fp                               0x08002c05   Thumb Code     0  iusefp.o(.text)
    _float_round                             0x08002c05   Thumb Code    18  fepilogue.o(.text)
    _float_epilogue                          0x08002c17   Thumb Code    92  fepilogue.o(.text)
    __aeabi_dadd                             0x08002c73   Thumb Code   322  dadd.o(.text)
    __aeabi_dsub                             0x08002db5   Thumb Code     6  dadd.o(.text)
    __aeabi_drsub                            0x08002dbb   Thumb Code     6  dadd.o(.text)
    __aeabi_dmul                             0x08002dc1   Thumb Code   228  dmul.o(.text)
    __aeabi_ddiv                             0x08002ea5   Thumb Code   222  ddiv.o(.text)
    __aeabi_d2ulz                            0x08002f83   Thumb Code    48  dfixul.o(.text)
    __aeabi_cdrcmple                         0x08002fb5   Thumb Code    48  cdrcmple.o(.text)
    __scatterload                            0x08002fe5   Thumb Code    28  init.o(.text)
    __scatterload_rt2                        0x08002fe5   Thumb Code     0  init.o(.text)
    __aeabi_llsl                             0x08003009   Thumb Code    30  llshl.o(.text)
    _ll_shift_l                              0x08003009   Thumb Code     0  llshl.o(.text)
    __aeabi_llsr                             0x08003027   Thumb Code    32  llushr.o(.text)
    _ll_ushift_r                             0x08003027   Thumb Code     0  llushr.o(.text)
    __aeabi_lasr                             0x08003047   Thumb Code    36  llsshr.o(.text)
    _ll_sshift_r                             0x08003047   Thumb Code     0  llsshr.o(.text)
    _double_round                            0x0800306b   Thumb Code    30  depilogue.o(.text)
    _double_epilogue                         0x08003089   Thumb Code   156  depilogue.o(.text)
    __0printf                                0x08003125   Thumb Code    22  printfa.o(i.__0printf)
    __1printf                                0x08003125   Thumb Code     0  printfa.o(i.__0printf)
    __2printf                                0x08003125   Thumb Code     0  printfa.o(i.__0printf)
    __c89printf                              0x08003125   Thumb Code     0  printfa.o(i.__0printf)
    printf                                   0x08003125   Thumb Code     0  printfa.o(i.__0printf)
    __0sprintf                               0x08003145   Thumb Code    34  printfa.o(i.__0sprintf)
    __1sprintf                               0x08003145   Thumb Code     0  printfa.o(i.__0sprintf)
    __2sprintf                               0x08003145   Thumb Code     0  printfa.o(i.__0sprintf)
    __c89sprintf                             0x08003145   Thumb Code     0  printfa.o(i.__0sprintf)
    sprintf                                  0x08003145   Thumb Code     0  printfa.o(i.__0sprintf)
    __scatterload_copy                       0x0800316d   Thumb Code    14  handlers.o(i.__scatterload_copy)
    __scatterload_null                       0x0800317b   Thumb Code     2  handlers.o(i.__scatterload_null)
    __scatterload_zeroinit                   0x0800317d   Thumb Code    14  handlers.o(i.__scatterload_zeroinit)
    Region$$Table$$Base                      0x08003a28   Number         0  anon$$obj.o(Region$$Table)
    Region$$Table$$Limit                     0x08003a48   Number         0  anon$$obj.o(Region$$Table)
    SystemCoreClock                          0x20000000   Data           4  system_stm32f10x.o(.data)
    AHBPrescTable                            0x20000004   Data          16  system_stm32f10x.o(.data)
    ucTcpClosedFlag                          0x2000002c   Data           1  test.o(.data)
    ucId                                     0x2000002d   Data           1  test.o(.data)
    pCh                                      0x20000030   Data           4  test.o(.data)
    AD_PM                                    0x20000034   Data           2  gp2y.o(.data)
    BodyInduction                            0x20000038   Data           4  bodyinduction.o(.data)
    __stdout                                 0x2000003c   Data           4  stdout.o(.data)
    strEsp8266_Fram_Record                   0x20000040   Data        1026  bsp_esp8266.o(.bss)
    __initial_sp                             0x20000848   Data           0  startup_stm32f10x_md.o(STACK)



==============================================================================

Memory Map of the image

  Image Entry point : 0x080000ed

  Load Region LR_IROM1 (Base: 0x08000000, Size: 0x00003a88, Max: 0x00010000, ABSOLUTE)

    Execution Region ER_IROM1 (Base: 0x08000000, Size: 0x00003a48, Max: 0x00010000, ABSOLUTE)

    Base Addr    Size         Type   Attr      Idx    E Section Name        Object

    0x08000000   0x000000ec   Data   RO            3    RESET               startup_stm32f10x_md.o
    0x080000ec   0x00000000   Code   RO          640  * .ARM.Collect$$$$00000000  mc_w.l(entry.o)
    0x080000ec   0x00000004   Code   RO          914    .ARM.Collect$$$$00000001  mc_w.l(entry2.o)
    0x080000f0   0x00000004   Code   RO          917    .ARM.Collect$$$$00000004  mc_w.l(entry5.o)
    0x080000f4   0x00000000   Code   RO          919    .ARM.Collect$$$$00000008  mc_w.l(entry7b.o)
    0x080000f4   0x00000000   Code   RO          921    .ARM.Collect$$$$0000000A  mc_w.l(entry8b.o)
    0x080000f4   0x00000008   Code   RO          922    .ARM.Collect$$$$0000000B  mc_w.l(entry9a.o)
    0x080000fc   0x00000000   Code   RO          924    .ARM.Collect$$$$0000000D  mc_w.l(entry10a.o)
    0x080000fc   0x00000000   Code   RO          926    .ARM.Collect$$$$0000000F  mc_w.l(entry11a.o)
    0x080000fc   0x00000004   Code   RO          915    .ARM.Collect$$$$00002712  mc_w.l(entry2.o)
    0x08000100   0x00000024   Code   RO            4    .text               startup_stm32f10x_md.o
    0x08000124   0x000001e0   Code   RO           24    .text               system_stm32f10x.o
    0x08000304   0x000000dc   Code   RO           67    .text               misc.o
    0x080003e0   0x0000044e   Code   RO           83    .text               stm32f10x_adc.o
    0x0800082e   0x00000002   PAD
    0x08000830   0x0000035c   Code   RO          248    .text               stm32f10x_gpio.o
    0x08000b8c   0x000003a4   Code   RO          305    .text               stm32f10x_rcc.o
    0x08000f30   0x00000408   Code   RO          376    .text               stm32f10x_usart.o
    0x08001338   0x00000058   Code   RO          403    .text               main.o
    0x08001390   0x000000c0   Code   RO          454    .text               stm32f10x_it.o
    0x08001450   0x00000220   Code   RO          469    .text               bsp_usart1.o
    0x08001670   0x000000b4   Code   RO          488    .text               bsp_systick.o
    0x08001724   0x000008c8   Code   RO          506    .text               bsp_esp8266.o
    0x08001fec   0x00000168   Code   RO          524    .text               common.o
    0x08002154   0x00000168   Code   RO          536    .text               bsp_dht11.o
    0x080022bc   0x000004e4   Code   RO          551    .text               test.o
    0x080027a0   0x00000124   Code   RO          571    .text               gp2y.o
    0x080028c4   0x000000b0   Code   RO          613    .text               bodyinduction.o
    0x08002974   0x0000017c   Code   RO          628    .text               hal_rgb_led.o
    0x08002af0   0x00000024   Code   RO          643    .text               mc_w.l(memseta.o)
    0x08002b14   0x00000024   Code   RO          645    .text               mc_w.l(strstr.o)
    0x08002b38   0x0000000e   Code   RO          647    .text               mc_w.l(strlen.o)
    0x08002b46   0x0000000a   Code   RO          910    .text               mf_w.l(ffltui.o)
    0x08002b50   0x00000026   Code   RO          912    .text               mf_w.l(f2d.o)
    0x08002b76   0x0000002c   Code   RO          929    .text               mc_w.l(uidiv.o)
    0x08002ba2   0x00000062   Code   RO          931    .text               mc_w.l(uldiv.o)
    0x08002c04   0x00000000   Code   RO          933    .text               mc_w.l(iusefp.o)
    0x08002c04   0x0000006e   Code   RO          934    .text               mf_w.l(fepilogue.o)
    0x08002c72   0x0000014e   Code   RO          936    .text               mf_w.l(dadd.o)
    0x08002dc0   0x000000e4   Code   RO          938    .text               mf_w.l(dmul.o)
    0x08002ea4   0x000000de   Code   RO          940    .text               mf_w.l(ddiv.o)
    0x08002f82   0x00000030   Code   RO          942    .text               mf_w.l(dfixul.o)
    0x08002fb2   0x00000002   PAD
    0x08002fb4   0x00000030   Code   RO          944    .text               mf_w.l(cdrcmple.o)
    0x08002fe4   0x00000024   Code   RO          946    .text               mc_w.l(init.o)
    0x08003008   0x0000001e   Code   RO          948    .text               mc_w.l(llshl.o)
    0x08003026   0x00000020   Code   RO          950    .text               mc_w.l(llushr.o)
    0x08003046   0x00000024   Code   RO          952    .text               mc_w.l(llsshr.o)
    0x0800306a   0x000000ba   Code   RO          954    .text               mf_w.l(depilogue.o)
    0x08003124   0x00000020   Code   RO          882    i.__0printf         mc_w.l(printfa.o)
    0x08003144   0x00000028   Code   RO          884    i.__0sprintf        mc_w.l(printfa.o)
    0x0800316c   0x0000000e   Code   RO          958    i.__scatterload_copy  mc_w.l(handlers.o)
    0x0800317a   0x00000002   Code   RO          959    i.__scatterload_null  mc_w.l(handlers.o)
    0x0800317c   0x0000000e   Code   RO          960    i.__scatterload_zeroinit  mc_w.l(handlers.o)
    0x0800318a   0x00000002   PAD
    0x0800318c   0x00000164   Code   RO          889    i._fp_digits        mc_w.l(printfa.o)
    0x080032f0   0x000006dc   Code   RO          890    i._printf_core      mc_w.l(printfa.o)
    0x080039cc   0x00000024   Code   RO          891    i._printf_post_padding  mc_w.l(printfa.o)
    0x080039f0   0x0000002e   Code   RO          892    i._printf_pre_padding  mc_w.l(printfa.o)
    0x08003a1e   0x0000000a   Code   RO          894    i._sputc            mc_w.l(printfa.o)
    0x08003a28   0x00000020   Data   RO          956    Region$$Table       anon$$obj.o


    Execution Region RW_IRAM1 (Base: 0x20000000, Size: 0x00000848, Max: 0x00005000, ABSOLUTE)

    Base Addr    Size         Type   Attr      Idx    E Section Name        Object

    0x20000000   0x00000014   Data   RW           25    .data               system_stm32f10x.o
    0x20000014   0x00000014   Data   RW          306    .data               stm32f10x_rcc.o
    0x20000028   0x00000004   Data   RW          489    .data               bsp_systick.o
    0x2000002c   0x00000008   Data   RW          553    .data               test.o
    0x20000034   0x00000002   Data   RW          572    .data               gp2y.o
    0x20000036   0x00000002   PAD
    0x20000038   0x00000004   Data   RW          614    .data               bodyinduction.o
    0x2000003c   0x00000004   Data   RW          928    .data               mc_w.l(stdout.o)
    0x20000040   0x00000402   Zero   RW          507    .bss                bsp_esp8266.o
    0x20000442   0x00000006   PAD
    0x20000448   0x00000400   Zero   RW            1    STACK               startup_stm32f10x_md.o


==============================================================================

Image component sizes


      Code (inc. data)   RO Data    RW Data    ZI Data      Debug   Object Name

       176         48          0          4          0       1232   bodyinduction.o
       360          6          0          0          0       3070   bsp_dht11.o
      2248        680          0          0       1026       8833   bsp_esp8266.o
       180         20          0          4          0      16909   bsp_systick.o
       544         10          0          0          0       4307   bsp_usart1.o
       360          0          0          0          0       1871   common.o
         0          0          0          0          0       4492   core_cm3.o
       292         18          0          2          0       1339   gp2y.o
       380         10          0          0          0       2294   hal_rgb_led.o
        88          4          0          0          0       1754   main.o
       220         22          0          0          0       1925   misc.o
        36          8        236          0       1024        904   startup_stm32f10x_md.o
      1102         26          0          0          0      20277   stm32f10x_adc.o
       860         38          0          0          0       5853   stm32f10x_gpio.o
       192         26          0          0          0       1564   stm32f10x_it.o
       932         36          0         20          0       9088   stm32f10x_rcc.o
      1032         22          0          0          0       8584   stm32f10x_usart.o
       480         38          0         20          0     228947   system_stm32f10x.o
      1252        448          0          8          0       2457   test.o

    ----------------------------------------------------------------------
     10736       1460        268         60       2056     325700   Object Totals
         0          0         32          0          0          0   (incl. Generated)
         2          0          0          2          6          0   (incl. Padding)

    ----------------------------------------------------------------------

      Code (inc. data)   RO Data    RW Data    ZI Data      Debug   Library Member Name

         0          0          0          0          0          0   entry.o
         0          0          0          0          0          0   entry10a.o
         0          0          0          0          0          0   entry11a.o
         8          4          0          0          0          0   entry2.o
         4          0          0          0          0          0   entry5.o
         0          0          0          0          0          0   entry7b.o
         0          0          0          0          0          0   entry8b.o
         8          4          0          0          0          0   entry9a.o
        30          0          0          0          0          0   handlers.o
        36          8          0          0          0         68   init.o
         0          0          0          0          0          0   iusefp.o
        30          0          0          0          0         68   llshl.o
        36          0          0          0          0         68   llsshr.o
        32          0          0          0          0         68   llushr.o
        36          0          0          0          0        108   memseta.o
      2276         96          0          0          0        596   printfa.o
         0          0          0          4          0          0   stdout.o
        14          0          0          0          0         68   strlen.o
        36          0          0          0          0         80   strstr.o
        44          0          0          0          0         80   uidiv.o
        98          0          0          0          0         92   uldiv.o
        48          0          0          0          0         68   cdrcmple.o
       334          0          0          0          0        148   dadd.o
       222          0          0          0          0        100   ddiv.o
       186          0          0          0          0        176   depilogue.o
        48          0          0          0          0         68   dfixul.o
       228          0          0          0          0         96   dmul.o
        38          0          0          0          0         68   f2d.o
       110          0          0          0          0        168   fepilogue.o
        10          0          0          0          0         68   ffltui.o

    ----------------------------------------------------------------------
      3916        112          0          4          0       2256   Library Totals
         4          0          0          0          0          0   (incl. Padding)

    ----------------------------------------------------------------------

      Code (inc. data)   RO Data    RW Data    ZI Data      Debug   Library Name

      2688        112          0          4          0       1296   mc_w.l
      1224          0          0          0          0        960   mf_w.l

    ----------------------------------------------------------------------
      3916        112          0          4          0       2256   Library Totals

    ----------------------------------------------------------------------

==============================================================================


      Code (inc. data)   RO Data    RW Data    ZI Data      Debug   

     14652       1572        268         64       2056     325508   Grand Totals
     14652       1572        268         64       2056     325508   ELF Image Totals
     14652       1572        268         64          0          0   ROM Totals

==============================================================================

    Total RO  Size (Code + RO Data)                14920 (  14.57kB)
    Total RW  Size (RW Data + ZI Data)              2120 (   2.07kB)
    Total ROM Size (Code + RO Data + RW Data)      14984 (  14.63kB)

==============================================================================

