<html>
<body>
<pre>
<h1>礦ision Build Log</h1>
<h2>Tool Versions:</h2>
IDE-Version: μVision V5.16a
Copyright (C) 2015 ARM Ltd and ARM Germany GmbH. All rights reserved.
License Information: HHH Microsoft, Microsoft, LIC=----
 
Tool Versions:
Toolchain:       MDK-Lite  Version: 5.16a
Toolchain Path:  H:\Keil_v5\ARM\ARMCC\Bin
C Compiler:      Armcc.exe V5.06 (build 20)
Assembler:       Armasm.exe V5.06 (build 20)
Linker/Locator:  ArmLink.exe V5.06 (build 20)
Library Manager: ArmAr.exe V5.06 (build 20)
Hex Converter:   FromElf.exe V5.06 (build 20)
CPU DLL:         SARMCM3.DLL V5.16a
Dialog DLL:      DCM.DLL V1.13.2.0
Target DLL:      CMSIS_AGDI.dll V1.21.20.0
Dialog DLL:      TCM.DLL V1.14.5.0
 
<h2>Project:</h2>
C:\Users\Administrator\Desktop\智能家居+提交文件\STM代码+完成\STM代码+完成\STM+ESP8266\Project\RVMDK（uv4）\iSO-STM32.uvprojx
Project File Date:  06/13/2016

<h2>Output:</h2>
*** Using Compiler 'V5.06 (build 20)', folder: 'H:\Keil_v5\ARM\ARMCC\Bin'
Build target 'WF-ESP8266'
assembling startup_stm32f10x_md.s...
compiling core_cm3.c...
compiling misc.c...
compiling system_stm32f10x.c...
compiling stm32f10x_bkp.c...
compiling stm32f10x_adc.c...
compiling stm32f10x_can.c...
compiling stm32f10x_cec.c...
compiling stm32f10x_crc.c...
compiling stm32f10x_dac.c...
compiling stm32f10x_dbgmcu.c...
compiling stm32f10x_dma.c...
compiling stm32f10x_exti.c...
compiling stm32f10x_fsmc.c...
compiling stm32f10x_flash.c...
compiling stm32f10x_gpio.c...
compiling stm32f10x_i2c.c...
compiling stm32f10x_iwdg.c...
compiling stm32f10x_rtc.c...
compiling stm32f10x_pwr.c...
compiling stm32f10x_rcc.c...
compiling stm32f10x_spi.c...
compiling stm32f10x_sdio.c...
compiling stm32f10x_tim.c...
compiling stm32f10x_usart.c...
compiling stm32f10x_wwdg.c...
compiling main.c...
compiling stm32f10x_it.c...
compiling bsp_usart1.c...
compiling bsp_SysTick.c...
compiling Common.c...
compiling bsp_esp8266.c...
compiling bsp_dht11.c...
compiling test.c...
..\..\User\Test\test.c(95): warning:  #177-D: variable "body" was declared but never referenced
  		char *body;
..\..\User\Test\test.c(96): warning:  #177-D: variable "PM" was declared but never referenced
  		char *PM;
..\..\User\Test\test.c(86): warning:  #177-D: variable "ucStatus" was declared but never referenced
  	uint8_t ucStatus;
..\..\User\Test\test.c: 3 warnings, 0 errors
compiling gp2y.c...
..\..\User\gp2y\gp2y.c(57): warning:  #177-D: variable "pm" was declared but never referenced
      float pm;
..\..\User\gp2y\gp2y.c: 1 warning, 0 errors
compiling hal_infrared.c...
compiling bodyinduction.c...
compiling hal_rgb_led.c...
linking...
Program Size: Code=14652 RO-data=268 RW-data=64 ZI-data=2056  
FromELF: creating hex file...
"..\..\Output\Template.axf" - 0 Error(s), 4 Warning(s).

<h2>Collection of Component include folders:</h2>
  C:\Users\Administrator\Desktop\智能家居+提交文件\STM代码+完成\STM代码+完成\STM+ESP8266\Project\RVMDK（uv4）\RTE
  H:\Keil_v5\ARM\PACK\Keil\STM32F1xx_DFP\2.1.0\Device\Include

<h2>Collection of Component Files used:</h2>
Build Time Elapsed:  00:00:14
</pre>
</body>
</html>
